[unitary-gate] workers_remaining=2 failures=0
[unitary-gate] workers_remaining=1 failures=0
[unitary-gate] workers_remaining=0 failures=0
[concurrent-gate] workers_remaining=12 failures=0
[concurrent-gate] workers_remaining=6 failures=0
[concurrent-gate] workers_remaining=3 failures=0
[concurrent-gate] workers_remaining=3 failures=0
[concurrent-gate] workers_remaining=3 failures=0
[concurrent-gate] workers_remaining=3 failures=0
[concurrent-gate] workers_remaining=3 failures=0
[concurrent-gate] workers_remaining=3 failures=0
[concurrent-gate] workers_remaining=3 failures=0
[concurrent-gate] workers_remaining=3 failures=0
[concurrent-gate] workers_remaining=3 failures=0
[concurrent-gate] workers_remaining=3 failures=0
[concurrent-gate] workers_remaining=3 failures=0
[concurrent-gate] workers_remaining=3 failures=0
[concurrent-gate] workers_remaining=3 failures=0
[concurrent-gate] workers_remaining=3 failures=0
[concurrent-gate] workers_remaining=3 failures=0
[concurrent-gate] workers_remaining=3 failures=0
[concurrent-gate] workers_remaining=3 failures=0
[concurrent-gate] workers_remaining=3 failures=0
[concurrent-gate] workers_remaining=3 failures=0
[concurrent-gate] workers_remaining=3 failures=0
[concurrent-gate] workers_remaining=3 failures=0
[concurrent-gate] workers_remaining=3 failures=0
[concurrent-gate] workers_remaining=3 failures=0
[concurrent-gate] workers_remaining=3 failures=0
[concurrent-gate] workers_remaining=3 failures=0
[concurrent-gate] workers_remaining=3 failures=0
[concurrent-gate] workers_remaining=3 failures=0
[concurrent-gate] workers_remaining=3 failures=0
[concurrent-gate] workers_remaining=3 failures=0
[concurrent-gate] workers_remaining=3 failures=0
[concurrent-gate] workers_remaining=3 failures=0
[concurrent-gate] workers_remaining=3 failures=0
[concurrent-gate] workers_remaining=3 failures=0
[concurrent-gate] workers_remaining=3 failures=0
[concurrent-gate] workers_remaining=3 failures=0
[concurrent-gate] workers_remaining=0 failures=0
[production] workers_remaining=16 failures=0
[production] workers_remaining=16 failures=0
[production] workers_remaining=16 failures=0
[production] workers_remaining=16 failures=0
[production] workers_remaining=16 failures=0
[production] workers_remaining=16 failures=0
[production] workers_remaining=16 failures=0
[production] workers_remaining=16 failures=0
[production] workers_remaining=16 failures=0
[production] workers_remaining=16 failures=0
[production] workers_remaining=16 failures=0
[production] workers_remaining=16 failures=0
[production] workers_remaining=16 failures=0
[production] workers_remaining=16 failures=0
[production] workers_remaining=16 failures=0
[production] workers_remaining=16 failures=0
[production] workers_remaining=16 failures=0
[production] workers_remaining=16 failures=0
[production] workers_remaining=16 failures=0
[production] workers_remaining=16 failures=0
[production] workers_remaining=16 failures=0
[production] workers_remaining=16 failures=0
[production] workers_remaining=16 failures=0
[production] workers_remaining=16 failures=0
[production] workers_remaining=16 failures=0
[production] workers_remaining=16 failures=0
[production] workers_remaining=16 failures=0
[production] workers_remaining=16 failures=0
[production] workers_remaining=16 failures=0
[production] workers_remaining=16 failures=0
[production] workers_remaining=16 failures=0
[production] workers_remaining=16 failures=0
[production] workers_remaining=16 failures=0
[production] workers_remaining=16 failures=0
[production] workers_remaining=16 failures=0
[production] workers_remaining=16 failures=0
[production] workers_remaining=16 failures=0
[production] workers_remaining=16 failures=0
[production] workers_remaining=16 failures=0
[production] workers_remaining=16 failures=0
[production] workers_remaining=16 failures=0
[production] workers_remaining=16 failures=0
[production] workers_remaining=16 failures=0
[production] workers_remaining=16 failures=0
[production] workers_remaining=16 failures=0
[production] workers_remaining=16 failures=0
[production] workers_remaining=16 failures=0
[production] workers_remaining=16 failures=0
[production] workers_remaining=16 failures=0
[production] workers_remaining=16 failures=0
[production] workers_remaining=16 failures=0
[production] workers_remaining=16 failures=0
[production] workers_remaining=16 failures=0
[production] workers_remaining=16 failures=0
[production] workers_remaining=16 failures=0
[production] workers_remaining=16 failures=0
[production] workers_remaining=16 failures=0
[production] workers_remaining=16 failures=0
[production] workers_remaining=16 failures=0
[production] workers_remaining=16 failures=0
[production] workers_remaining=16 failures=0
[production] workers_remaining=16 failures=0
[production] workers_remaining=16 failures=0
[production] workers_remaining=16 failures=0
[production] workers_remaining=16 failures=0
[production] workers_remaining=16 failures=0
[production] workers_remaining=16 failures=0
[production] workers_remaining=16 failures=0
[production] workers_remaining=16 failures=0
[production] workers_remaining=16 failures=0
[production] workers_remaining=16 failures=0
[production] workers_remaining=16 failures=0
[production] workers_remaining=16 failures=0
[production] workers_remaining=16 failures=0
[production] workers_remaining=16 failures=0
[production] workers_remaining=16 failures=0
[production] workers_remaining=16 failures=0
[production] workers_remaining=16 failures=0
[production] workers_remaining=16 failures=0
[production] workers_remaining=16 failures=0
[production] workers_remaining=16 failures=0
[production] workers_remaining=16 failures=0
[production] workers_remaining=16 failures=0
[production] workers_remaining=16 failures=0
[production] workers_remaining=16 failures=0
[production] workers_remaining=16 failures=0
[production] workers_remaining=16 failures=0
[production] workers_remaining=16 failures=0
[production] workers_remaining=16 failures=0
[production] workers_remaining=16 failures=0
[production] workers_remaining=16 failures=0
[production] workers_remaining=16 failures=0
[production] workers_remaining=16 failures=0
[production] workers_remaining=16 failures=0
[production] workers_remaining=16 failures=0
[production] workers_remaining=16 failures=0
[production] workers_remaining=16 failures=0
[production] workers_remaining=16 failures=0
[production] workers_remaining=16 failures=0
[production] workers_remaining=16 failures=0
[production] workers_remaining=16 failures=0
[production] workers_remaining=16 failures=0
[production] workers_remaining=16 failures=0
[production] workers_remaining=16 failures=0
[production] workers_remaining=16 failures=0
[production] workers_remaining=16 failures=0
[production] workers_remaining=16 failures=0
[production] workers_remaining=16 failures=0
[production] workers_remaining=16 failures=0
[production] workers_remaining=16 failures=0
[production] workers_remaining=16 failures=0
[production] workers_remaining=16 failures=0
[production] workers_remaining=16 failures=0
[production] workers_remaining=16 failures=0
[production] workers_remaining=15 failures=0
[production] workers_remaining=15 failures=0
[production] workers_remaining=15 failures=0
[production] workers_remaining=13 failures=0
[production] workers_remaining=9 failures=0
[production] workers_remaining=2 failures=0
[production] workers_remaining=1 failures=0
[production] workers_remaining=1 failures=0
[production] workers_remaining=1 failures=0
[production] workers_remaining=1 failures=0
[production] workers_remaining=0 failures=0
[stage1] resume 1/138 8b500140ec3cf4ad5d86
[stage1] resume 2/138 f4f1666c4402b37dd1bc
[stage1] resume 3/138 53b44bbf0848e8f6d690
[stage1] resume 4/138 29160f5c265ee36c22e1
[stage1] resume 5/138 2699177066d4a508353f
[stage1] resume 6/138 2d7a76224eb0879ba0b9
[stage1] resume 7/138 820287d39ae90e80a0db
[stage1] resume 8/138 8cf08fa9bd7fbeeb3127
[stage1] resume 9/138 81216b89ce0ca8404c54
[stage1] resume 10/138 fb03a654a08969876478
[stage1] resume 11/138 af88aede3681471b3930
[stage1] resume 12/138 cc5976b227655956919a
[stage1] resume 13/138 ff96ba931e73bf6a1938
[stage1] resume 14/138 37e0fa3c6f6c51ae18a6
[stage1] resume 15/138 00406cf8cdb4705b5054
[stage1] resume 16/138 e7df6730f08719e6ca99
[stage1] resume 17/138 a047746b198bf7a8ac28
[stage1] resume 18/138 5f4ba58911c34290ff5d
[stage1] resume 19/138 798851a44f63bd87cdd3
[stage1] resume 20/138 bd3ac6bfa1521139c466
[stage1] resume 21/138 12dac8d76c5757c67ffc
[stage1] resume 22/138 571c0cf6389553ded73c
[stage1] resume 23/138 421a43f3f03031ad34bc
[stage1] resume 24/138 e41819ce58431acd4882
[stage1] resume 25/138 3b27da75e9781dd11eaa
[stage1] resume 26/138 e9e33c73b4e29085d11d
[stage1] resume 27/138 79c56c7edc03b8e9e885
[stage1] resume 28/138 773cc8e900278ba8ed35
[stage1] resume 29/138 63fd005dc4c0b569ec50
[stage1] resume 30/138 cc65e5c8e95da6b4eb33
[stage1] resume 31/138 25f7fd5285302430e88f
[stage1] resume 32/138 bd253307b1f9cf980ca8
[stage1] resume 33/138 17139440f049c404b511
[stage1] resume 34/138 13d305d64ca0aa2c73f8
[stage1] resume 35/138 4f23cf96bde72ee5195b
[stage1] resume 36/138 0366ad8a5bdd273bb424
[stage1] resume 37/138 8db14a931e576b19e1d2
[stage1] resume 38/138 60f3d22f1cc16da76d3d
[stage1] resume 39/138 5d4ced2394488cc99d34
[stage1] resume 40/138 899ee07489fc0dda88ff
[stage1] resume 41/138 ff277be1faa806d007fa
[stage1] resume 42/138 06dd8eaae0ba9d189d74
[stage1] resume 43/138 68d6a58e60fd0dc20453
[stage1] resume 44/138 f0459b6c600a84e12548
[stage1] resume 45/138 8157a0459ba43ab703d9
[stage1] resume 46/138 9a20497467a27711b70c
[stage1] resume 47/138 0f7879e5505e3927d3d7
[stage1] resume 48/138 450f6e988dc865bfaffb
[stage1] resume 49/138 b070a918e7a0c9767ec4
[stage1] resume 50/138 27be68be47470b6a6a56
[stage1] resume 51/138 bce95dfb88c3392a22ec
[stage1] resume 52/138 9791b791e2eea5e7bc46
[stage1] resume 53/138 a1f70a6eff688207478e
[stage1] resume 54/138 a4ea5460439dc334f73b
[stage1] resume 55/138 081e41f9aad785263a91
[stage1] resume 56/138 4c507e8cd56111dc7bc1
[stage1] resume 57/138 4548308fe483fc6cd512
[stage1] resume 58/138 dd79c95998811ac7782f
[stage1] resume 59/138 a7b49aa06c81d23c266c
[stage1] resume 60/138 fa0a2f4613af958c8507
[stage1] resume 61/138 756bc08dfaf955dd9256
[stage1] resume 62/138 e2509f5b7a3fe22c831d
[stage1] resume 63/138 917527cf8be70aab2679
[stage1] resume 64/138 79f8e776839e152e79aa
[stage1] resume 65/138 7edbabea98b546ca39b5
[stage1] resume 66/138 3da7fe3416f9ef876835
[stage1] resume 67/138 0dd9fb38d6a155f13191
[stage1] resume 68/138 56f22fc40b616ce6a587
[stage1] resume 69/138 5e164f3f44275ac9642d
[stage1] resume 70/138 7cc049534c8e2769c6c2
[stage1] resume 71/138 dc2156f711aa87bb700a
[stage1] resume 72/138 ee24c9d70dfca6f9f0f0
[stage1] resume 73/138 cdc24e9d853680fd7340
[stage1] resume 74/138 20e2c18536c4654e20ec
[stage1] resume 75/138 41014b61945114527914
[stage1] resume 76/138 d866d128f1ad98f6de13
[stage1] resume 77/138 0bac30d8edbe6a6326d9
[stage1] resume 78/138 4f89eeed06954ae9c4f3
[stage1] resume 79/138 ed079cb6ef440382b975
[stage1] resume 80/138 7be1fe0d8b602d371148
[stage1] resume 81/138 07cbd406b53946c797a0
[stage1] resume 82/138 86aa7fec1ad5c1a0df70
[stage1] resume 83/138 c8be5abb6996d45e0fbe
[stage1] resume 84/138 d3dfa9547d46a3c1e2ce
[stage1] resume 85/138 73b07561e64ff1387091
[stage1] resume 86/138 730285d0fd3aa219ffcc
[stage1] resume 87/138 f33b123fa142f398321f
[stage1] resume 88/138 83e184493b8af06fa4db
[stage1] resume 89/138 adfa901d47cba8f408a3
[stage1] resume 90/138 b12356f310c517b480f2
[stage1] resume 91/138 c3089fc75acf5722825a
[stage1] resume 92/138 fa4c426c27930b1a5e55
[stage1] resume 93/138 8f6f4eaa03d5f8eaf034
[stage1] resume 94/138 4d123df69c1878f67a2a
[stage1] resume 95/138 94b37d88210b7376a9ba
[stage1] resume 96/138 c3eb500bf832f05dd523
[stage1] resume 97/138 fb809a58c157a90ea742
[stage1] resume 98/138 34fb2f905a35b440ba88
[stage1] resume 99/138 83d687614bd022b20325
[stage1] resume 100/138 47670b310d86a303735a
[stage1] resume 101/138 530d9737104086108a2f
[stage1] resume 102/138 01184e7612fb2bea58f4
[stage1] resume 103/138 658054c8a9a4a5fb7a4d
[stage1] resume 104/138 3a9e431f36700574775f
[stage1] resume 105/138 d47e18bea4183e09842b
[stage1] resume 106/138 0c629eacbedb10264672
[stage1] resume 107/138 fdf31c413da572b07e0b
[stage1] resume 108/138 c7102de4688990b9c7b4
[stage1] resume 109/138 0b66528fbb2998edbe8f
[stage1] resume 110/138 bcbdf4b7e303509c505d
[stage1] resume 111/138 464c1e6e92ef2f529e58
[stage1] resume 112/138 938ba1bd2a4ff6a26d6f
[stage1] resume 113/138 a93589012a6e62ad7443
[stage1] resume 114/138 0487d6e7fe0e146162b7
[stage1] resume 115/138 53245d0f04481d901e5f
[stage1] resume 116/138 b94a2870a63fa30d8db5
[stage1] resume 117/138 6b6858f75e30f5777948
[stage1] resume 118/138 24d88acbda56d85df310
[stage1] resume 119/138 1a6f5fe683b108829f98
[stage1] resume 120/138 79e75b64c2712b9aabd5
[stage1] resume 121/138 1c64d76768bde68df001
[stage1] resume 122/138 e0f28ae30123b5a6a643
[stage1] resume 123/138 9d4f70d2bbd919be729f
[stage1] resume 124/138 ed0577ebdc2df07b4af7
[stage1] resume 125/138 1b8f96fd7ec70facdb51
[stage1] resume 126/138 42ecf7d63bf969d69ef3
[stage1] resume 127/138 134eb86a493ea565f075
[stage1] resume 128/138 d7267a5782df0ddb0a25
[stage1] resume 129/138 5883a7f1d0120aae77cc
[stage1] resume 130/138 3ae1cf24e88712c85fef
[stage1] resume 131/138 05dbe24909abf1649811
[stage1] resume 132/138 cf5266c07f5f934a25a7
[stage1] resume 133/138 0c9a7cd7bcd84c61010e
[stage1] resume 134/138 73b530b7ab6e76e09d3c
[stage1] resume 135/138 570e5f170d286ddb11ed
[stage1] resume 136/138 d22e8b1341c97c1ba00d
[stage1] resume 137/138 4a04f24c905c5620d3d1
[stage1] resume 138/138 976950fff33bb720a4de
[stage2] resume 2/441 2c09eab71f4a60a78237
[stage2] resume 3/441 0ad0253837b028292b44
[stage2] resume 4/441 164bf0824e61b5d9dcbd
[stage2] resume 5/441 79bece82b1cdabef4a53
[stage2] resume 7/441 78fc75bb91edeb8b1c88
[stage2] resume 8/441 de555311647dce8ff0cc
[stage2] resume 9/441 52614bd4e9e08418cde4
[stage2] resume 10/441 c08e44a5dab6724f17f4
[stage2] resume 11/441 8a1261e4f3391ac255bc
[stage2] resume 12/441 6e2240c01801717c5553
[stage2] resume 13/441 f037d1715bc09a866976
[stage2] resume 14/441 cebc6c0dbb48fdba115c
[stage2] resume 15/441 cccbfad3ed032536e18e
[stage2] resume 16/441 90e8a805bac6fcbdbc8b
[stage2] resume 17/441 8dda7ff6b94a55d02ca7
[stage2] resume 18/441 34d3f732f54d53956884
[stage2] resume 19/441 843b6bd79d2f01ebedb7
[stage2] resume 20/441 8aa621b0963649a40fa6
[stage2] resume 21/441 a2ac8af52db89a580e77
[stage2] resume 22/441 72e07e67fb34f8911426
[stage2] resume 23/441 457ca8c054d73b0e8ce1
[stage2] resume 24/441 747e475dae6f19ee15e4
[stage2] resume 25/441 80d3e811a734ec2c00b2
[stage2] resume 26/441 96f5536958a32d93e708
[stage2] resume 27/441 5f59e1cb20d443cfc1a4
[stage2] resume 28/441 f1aa15295ac81a7b2fb0
[stage2] resume 29/441 495b6d95d840fcf633c3
[stage2] resume 30/441 f6f434805ecc10cbf214
[stage2] resume 31/441 2506e9eacd80e33bfd9f
[stage2] resume 32/441 89be6e200e4481c193bd
[stage2] resume 33/441 964a2f2cb68217e47487
[stage2] resume 34/441 647a1e206deb5f1ac93d
[stage2] resume 35/441 875ce44d7d91f58ac3bf
[stage2] resume 36/441 c3c67cc2c683490a422d
[stage2] resume 38/441 18d98b048fa5f875b157
[stage2] resume 39/441 4b806011eaa5c8a98156
[stage2] resume 40/441 8456dc2d1a00459e9911
[stage2] resume 41/441 f0641778ed08558c772a
[stage2] resume 44/441 284edfa47e5fbe3e3606
[stage2] resume 45/441 bd6af22dd174fcfeda0d
[stage2] resume 46/441 5866fcfe1a6cbb611ed2
[stage2] resume 47/441 ca7f202440b1a48ed396
[stage2] resume 49/441 25334360fc1f99b958c7
[stage2] resume 50/441 3d1d30eb6f1d6089e354
[stage2] resume 51/441 77bdbdc9fa88c108b799
[stage2] resume 52/441 fb846d5152c5bfdd4002
[stage2] resume 54/441 178eb7e55a8d18014c30
[stage2] resume 55/441 2a08d8d3aa251ff11a1e
[stage2] resume 56/441 bd5f583bc608a4a7cb2c
[stage2] resume 57/441 ffbf03a3c549ad0c85e0
[stage2] resume 59/441 42415f066f0343d42f27
[stage2] resume 60/441 343a34ffffe218ed56d1
[stage2] resume 61/441 3c9a875af75e9e77b616
[stage2] resume 62/441 2762b258f473ee659c65
[stage2] resume 65/441 201629648de772e36a54
[stage2] resume 66/441 6e234a2bcc1db63d291b
[stage2] resume 67/441 6ae1aec450b5751213e5
[stage2] resume 68/441 0c206349cf31446d1d28
[stage2] resume 70/441 973f2e015e956e2a5dbd
[stage2] resume 71/441 b87a302be36a07b9463f
[stage2] resume 72/441 2b5d6dcb9903d0f1100e
[stage2] resume 73/441 ea79df9f6dd83d4268c6
[stage2] resume 74/441 183916c8e71864e2ec80
[stage2] resume 75/441 ca964b64aa28e63ce8a4
[stage2] resume 76/441 713c56c32d8123a64d84
[stage2] resume 77/441 85a56f3b62e15145cd35
[stage2] resume 78/441 3e0936946dc869d36d26
[stage2] resume 79/441 7137ad27ce7895400073
[stage2] resume 80/441 00be83adf10b2083f9d5
[stage2] resume 81/441 c6377b6da2f0b456f267
[stage2] resume 82/441 8adddb68f6f04b133b36
[stage2] resume 83/441 83c2772b77aa863e6042
[stage2] resume 84/441 80db26c592c26b6bb973
[stage2] resume 86/441 fb979de70bb830b2e33c
[stage2] resume 87/441 6a8cbd5ad009c9dbf629
[stage2] resume 88/441 1916e54537de71ebb56f
[stage2] resume 89/441 7f9f0ba92279da67a20a
[stage2] resume 91/441 48f1b389c7668fb5ecfd
[stage2] resume 92/441 733502352338e191c5de
[stage2] resume 93/441 dfb41141cde64a8d7827
[stage2] resume 94/441 981919854078d3b22fcc
[stage2] resume 96/441 c78ed0010fdf48fb79d1
[stage2] resume 97/441 a4ee18e8a2a50fdcb0e3
[stage2] resume 98/441 d444122e45db95fdc36e
[stage2] resume 99/441 034db4b43d2d9059509f
[stage2] resume 101/441 0d33bb85b6176050c2a7
[stage2] resume 102/441 6234ecd55034506a749e
[stage2] resume 103/441 7517b58c6f2a8f61a921
[stage2] resume 104/441 86bcd980aed341aeaf69
[stage2] resume 105/441 d42a23135ea9be5829ef
[stage2] resume 107/441 f7d8979812c16efc8267
[stage2] resume 108/441 72342f49010f50a5dbb3
[stage2] resume 109/441 a677dc3d6499b702b48c
[stage2] resume 110/441 30438408e539134192de
[stage2] resume 112/441 761aa18c8958baac475d
[stage2] resume 113/441 e47a453246e09bd999a0
[stage2] resume 114/441 a685792636e0ebb36760
[stage2] resume 115/441 b030369bc4a189cf5d36
[stage2] resume 117/441 1076aa2ed424337b3850
[stage2] resume 118/441 b2e73249a11cf2a67b41
[stage2] resume 119/441 1743503ad80a5d33239f
[stage2] resume 120/441 383ce6e13d99dcb428da
[stage2] resume 122/441 280bff2ba28f650b1f10
[stage2] resume 123/441 000577d5b0c62aa4a843
[stage2] resume 124/441 e75d913d921d2f41c58e
[stage2] resume 125/441 05812a83c722fbbaa264
[stage2] resume 128/441 33d658c5d237d950565d
[stage2] resume 129/441 03c5f035f7a111c624b1
[stage2] resume 130/441 1519e98d0056a8cced5c
[stage2] resume 131/441 b425ecaecc9118522264
[stage2] resume 133/441 08cbd5a9359d431847d8
[stage2] resume 134/441 6ab379e89f9dff9c7f93
[stage2] resume 135/441 8fb4fa90b3aeecb2ac13
[stage2] resume 136/441 e9b255bdf84088da1446
[stage2] resume 138/441 6c95c5a343c22920a6e6
[stage2] resume 139/441 993fa5d46c0cf178ee22
[stage2] resume 140/441 8c9be3af5dfc6bd84f0d
[stage2] resume 141/441 b435be11684bcf9a87e4
[stage2] resume 143/441 e15b8a0cdd1f46fb9b7d
[stage2] resume 144/441 9e72946c18d5c0135344
[stage2] resume 145/441 0b71635d3bbb3f0d5643
[stage2] resume 146/441 b0e34d8861e2a983d50c
[stage2] resume 148/441 d7a5fdcf42214e28dbfb
[stage2] resume 149/441 48271df634e30fb79b7b
[stage2] resume 150/441 f1c70bed91ae24f8e3c9
[stage2] resume 151/441 274a0622f44e3b7b2847
[stage2] resume 152/441 2bb7b09f86903629e52d
[stage2] resume 154/441 be1a4a8851216fc6cac5
[stage2] resume 155/441 d7258f30f79d3e10af87
[stage2] resume 156/441 0308b07ddd3d0ab54f89
[stage2] resume 157/441 b7b4c03df447b9d253d6
[stage2] resume 159/441 003637b34de78f98024b
[stage2] resume 160/441 dc97b1444ed35e80da76
[stage2] resume 161/441 5fce9cac50d910abf296
[stage2] resume 162/441 17a0faa88a3de0a50654
[stage2] resume 164/441 6e2dea0ba5673403b979
[stage2] resume 165/441 0eca9ba163b2e629e8a5
[stage2] resume 166/441 06a8521f1c547525267d
[stage2] resume 167/441 c72519397ef43357f617
[stage2] resume 170/441 8b0b20af9a0d4d6e40c2
[stage2] resume 171/441 5d107c787c166b9c553e
[stage2] resume 172/441 5ed794e8f9217cab4a73
[stage2] resume 173/441 3bbd3bd243270314629e
[stage2] resume 175/441 04eb1597dcc97e5ba958
[stage2] resume 176/441 3ae8bbabce2dc5750a62
[stage2] resume 177/441 64d6f783a4284b246481
[stage2] resume 178/441 ee53bee0b1dbed3f919a
[stage2] resume 180/441 89d06a9af8052a18fc3d
[stage2] resume 181/441 d894df06628df3ff93a4
[stage2] resume 182/441 035b93c99709d817c37d
[stage2] resume 183/441 66443320250418bec7bb
[stage2] resume 185/441 bd7ec1330b67f9a978b6
[stage2] resume 186/441 c9ca57bb1e44cfff302a
[stage2] resume 187/441 e51f52239eb3724f110d
[stage2] resume 188/441 06a30bb379ae2d58f7c7
[stage2] resume 191/441 470d056c64922e97f7eb
[stage2] resume 192/441 75807beb049acdc1f7a0
[stage2] resume 193/441 050afb20b5262415ca69
[stage2] resume 194/441 b89e906517d51ac2d561
[stage2] resume 196/441 2d4a85d1bf98712f07e1
[stage2] resume 197/441 96386d2ca8b6cdf4a65d
[stage2] resume 198/441 c5b3479992b58c0d8752
[stage2] resume 199/441 e2f47704555e97a0081e
[stage2] resume 201/441 d041b4166aa37d7f07a7
[stage2] resume 202/441 14063c76344f43188046
[stage2] resume 203/441 404764699466193dc115
[stage2] resume 204/441 f6add172aca75f300591
[stage2] resume 206/441 18c2c85c6a0d4aa060e0
[stage2] resume 207/441 96cbb4a8ca6cf7b5658b
[stage2] resume 208/441 ff9d398619a28151fef5
[stage2] resume 209/441 f76e292e6d8be4653367
[stage2] resume 212/441 5b52cbf6e8ce464d184f
[stage2] resume 213/441 40bdf9ade8ef1bfec461
[stage2] resume 214/441 5a29ca2156f03adb4a10
[stage2] resume 215/441 da284e6f1aa6b06b7acb
[stage2] resume 217/441 663cb2009de4444c953c
[stage2] resume 218/441 b650a622f9927368b50e
[stage2] resume 219/441 4392a2dcf9c8cbb92a49
[stage2] resume 220/441 a75feb102972a582b72e
[stage2] resume 222/441 46bdbeda1d7ebe8f2772
[stage2] resume 223/441 1536c0464a202dae6456
[stage2] resume 224/441 9a13839a37cd537f46ef
[stage2] resume 225/441 d37ead110f34f5d045b7
[stage2] resume 227/441 4466326501caca07ce81
[stage2] resume 228/441 1cedd58deb4ea139a808
[stage2] resume 229/441 9492cf3bb5b6a84c4d6d
[stage2] resume 230/441 b222f2ea99478ad7008b
[stage2] resume 233/441 630a9ab020bcc7f9bf87
[stage2] resume 234/441 10a26ed7d92951197469
[stage2] resume 235/441 efde2f33cdec4b92842e
[stage2] resume 236/441 d0f408f58565cfc98e6e
[stage2] resume 238/441 00d1076fcb560ffe772a
[stage2] resume 239/441 ad06b1c737dd621f5df8
[stage2] resume 240/441 8100171fb89c197069db
[stage2] resume 241/441 4f1bd78d9923ea9576f3
[stage2] resume 243/441 5b3e313c2aaaa38ffb70
[stage2] resume 244/441 520ee54db588d93e5e34
[stage2] resume 245/441 f3c8e6e843d6764df17d
[stage2] resume 246/441 c2945b955c46510c9885
[stage2] resume 248/441 30e0dbcd63d51667ee81
[stage2] resume 249/441 432f757290b43073f926
[stage2] resume 250/441 29ab362c9e462b28aeea
[stage2] resume 251/441 a7c39232a41adf20b43b
[stage2] resume 254/441 79cc048b1be1a470bb76
[stage2] resume 255/441 bc2511a66dd5dda4f806
[stage2] resume 256/441 9a444cf610d232b9d326
[stage2] resume 257/441 4353288974c15408c1d8
[stage2] resume 259/441 044e4701f217930a91e8
[stage2] resume 260/441 1d7902251381c66be8bb
[stage2] resume 261/441 e2e1cf71a0f0fc062cae
[stage2] resume 262/441 aaf2be96d574e2217311
[stage2] resume 264/441 2c64f54cad0078804cdc
[stage2] resume 265/441 56708d18bc5f7a9913c4
[stage2] resume 266/441 cb0486821e1f001d3d1c
[stage2] resume 267/441 98f9bed325426e910324
[stage2] resume 269/441 6d080f9cb4100f5a1ce8
[stage2] resume 270/441 520869ebcb8f64eafb97
[stage2] resume 271/441 d2bce355958b8b3daead
[stage2] resume 272/441 a9123862b73d2f808a9a
[stage2] resume 275/441 0cbfef01519b98fbcf2a
[stage2] resume 276/441 7745f3182f8c572f9894
[stage2] resume 277/441 49570a6ddd32a9263751
[stage2] resume 278/441 4f4b725abcab74f993ea
[stage2] resume 280/441 f7d3d42aaa774fb22cc9
[stage2] resume 281/441 0ffc1d620df037683dfb
[stage2] resume 282/441 44185e6c844008396462
[stage2] resume 283/441 fa64c992daa611e49029
[stage2] resume 285/441 83e1d36525f286473b2c
[stage2] resume 286/441 511381a82bb2e062f6b7
[stage2] resume 287/441 1ffbeb033116abb05d58
[stage2] resume 288/441 56d761d43560ee7e8ddb
[stage2] resume 290/441 712dfae98d0b9b9dcaeb
[stage2] resume 291/441 6beb3db3d114b45daca7
[stage2] resume 292/441 59a159e61d9b1ce3ea69
[stage2] resume 293/441 7e11a1a2930dcd6c29c2
[stage2] resume 296/441 1a3115d34d5e9a8ce05d
[stage2] resume 297/441 5fbf9aa870f39e9c8a31
[stage2] resume 298/441 c10491e3b551f305cba3
[stage2] resume 299/441 5b26c01c1e2e19795f89
[stage2] resume 301/441 0ab45c9db8bd448062b5
[stage2] resume 302/441 1fdff1c62725a0f600a4
[stage2] resume 303/441 52c183aca537f3deb446
[stage2] resume 304/441 a499ebacabfc2fb29581
[stage2] resume 306/441 7841b7f6216c2d3e03a7
[stage2] resume 307/441 fc0ab27e400c3424f06b
[stage2] resume 308/441 087a79f90db5c3917575
[stage2] resume 309/441 d8501e5a61348f25efee
[stage2] resume 311/441 699d4174bba6f99a43f0
[stage2] resume 312/441 06c9e8926ba5062f27a6
[stage2] resume 313/441 d4e609c7f125a752c110
[stage2] resume 314/441 db5f03171be9abde9a54
[stage2] resume 317/441 30bacd1eecddf66c9c6c
[stage2] resume 318/441 6d2d07a6dd50246fc983
[stage2] resume 319/441 6cfe2f67152148206b3c
[stage2] resume 320/441 43e3f2d9353e54cd3310
[stage2] resume 322/441 213b4dfe342a966622e0
[stage2] resume 323/441 4fc8715f857be07c9acf
[stage2] resume 324/441 b4960ae038e1d0961611
[stage2] resume 325/441 f432176983914405b187
[stage2] resume 327/441 4afca33c3e4393984fb6
[stage2] resume 328/441 df3d5212c6ca2d225978
[stage2] resume 329/441 081d7b8426ebcd8061ae
[stage2] resume 330/441 55c7a06035766746807b
[stage2] resume 332/441 75e0426abd0ed0d8468b
[stage2] resume 333/441 0499b97fd49a671b5381
[stage2] resume 334/441 7a0f7c59e56a2e18489b
[stage2] resume 335/441 9dd345848e2bd2a9c7ab
[stage2] resume 338/441 d155fab4cb70e183701f
[stage2] resume 339/441 ecdb1bdab9ad0115328f
[stage2] resume 340/441 8059ca7f332c6c3c9ed0
[stage2] resume 341/441 743b395b3ea8459920da
[stage2] resume 343/441 9b86919b884f2d0617eb
[stage2] resume 344/441 aa6d82dcda52fa2f3b12
[stage2] resume 345/441 7d9d10674836ddee2332
[stage2] resume 346/441 f379d1cd4a2b36b3576e
[stage2] resume 348/441 703cc8b86b51ba19a83f
[stage2] resume 349/441 9398cf75945502394ece
[stage2] resume 350/441 62458bf1ef334cf043fd
[stage2] resume 351/441 b29f50d1aca87169e9d0
[stage2] resume 353/441 eec82cb36186ac0d4b76
[stage2] resume 354/441 8049d5e9b23823857c68
[stage2] resume 355/441 e905b69b39a217c88b89
[stage2] resume 356/441 a534f99bd0796302e3b5
[stage2] resume 359/441 fae129e2283d3d069922
[stage2] resume 360/441 b1d6c3711054e224f117
[stage2] resume 361/441 cb5cf866b87e7372161b
[stage2] resume 362/441 16c6adff6621ed047f0c
[stage2] resume 364/441 cf49f079bf4d8b0722be
[stage2] resume 365/441 b768a0519942d53e4efb
[stage2] resume 366/441 54af7234e6074486e9cd
[stage2] resume 367/441 8f2af73c8edfa049b669
[stage2] resume 369/441 4d4dd90927e5d1787db3
[stage2] resume 370/441 587d873e5e0b791cceef
[stage2] resume 371/441 26d8f0028351d235694d
[stage2] resume 372/441 a49bd7334a482c0c99d4
[stage2] resume 374/441 377cad82233df20d1ea2
[stage2] resume 375/441 4854a13b0958c50fd294
[stage2] resume 376/441 3cff30789e6e0a46bc7e
[stage2] resume 377/441 5c19efc1b74d22feb5e4
[stage2] resume 380/441 2375a770f8d77adece6b
[stage2] resume 381/441 3d7469c5d3a79956fd35
[stage2] resume 382/441 237c5e9520dc56eb32ae
[stage2] resume 383/441 e6cc96efa5fe292ab32f
[stage2] resume 385/441 fce99fe6e036e366653c
[stage2] resume 386/441 3b72c62109859824270f
[stage2] resume 387/441 eadcccc5393b8918fdb9
[stage2] resume 388/441 3d220c75f5edaa29fe94
[stage2] resume 390/441 a9e98cdf02f71021401c
[stage2] resume 391/441 e8de7d031ab221ceaa69
[stage2] resume 392/441 a70980fcea95838d8ecd
[stage2] resume 393/441 df4bfb2d667961bccfcf
[stage2] resume 395/441 33693b79afee2d87e9e8
[stage2] resume 396/441 dc9cdfc685ce257794f3
[stage2] resume 397/441 8c0f8c9f957e0bfe5419
[stage2] resume 398/441 5fbfa5ad07809ae512c4
[stage2] resume 401/441 228da8dbbeee82da3161
[stage2] resume 402/441 bddd3bb5e350912b04b7
[stage2] resume 403/441 cd45eadac31a665c37be
[stage2] resume 404/441 080f25e2641ef634f1f3
[stage2] resume 406/441 4dc70969fbb10f1238d3
[stage2] resume 407/441 f04edd084a2193276016
[stage2] resume 408/441 2aa84a817895d0bc1693
[stage2] resume 409/441 eb4a35092194505c09c6
[stage2] resume 411/441 f1a49b51143abee35c67
[stage2] resume 412/441 d27c1c1127a8846c3161
[stage2] resume 413/441 753d1e7918b0fb858e68
[stage2] resume 414/441 de0a76c1b9d13417799f
[stage2] resume 416/441 246ddfaf99ac48dd4aa6
[stage2] resume 417/441 c36a8beaf2acb4a518e8
[stage2] resume 418/441 984d30a9280baf62a861
[stage2] resume 419/441 1305d0ca8cbc2cf2ff36
[stage2] resume 422/441 046f464a3e606742f315
[stage2] resume 423/441 b4806a5f1f08e701a216
[stage2] resume 424/441 b8de3f65c1a669ce5f42
[stage2] resume 425/441 928aa25b7e624e959dc4
[stage2] resume 427/441 c8c6e868714672e1df4e
[stage2] resume 428/441 0648bb7971f21027f921
[stage2] resume 429/441 2b23acd9a25476645222
[stage2] resume 430/441 232fe197b9591143d5b0
[stage2] resume 432/441 47317e28cc731f8109d4
[stage2] resume 433/441 40c91697dcf833b3ec09
[stage2] resume 434/441 047e5ffac1e03d6c3218
[stage2] resume 435/441 d6206cef7f696961b085
[stage2] resume 437/441 63e5eeec481b5207addc
[stage2] resume 438/441 b9ad456c74fa7f1912c1
[stage2] resume 439/441 53e516805cdfdd71445a
[stage2] resume 440/441 c8891ffa3b61d5fe1034
[independent_rechecks] resume 1/202 0ad0253837b028292b44
[independent_rechecks] resume 2/202 164bf0824e61b5d9dcbd
[independent_rechecks] resume 3/202 79bece82b1cdabef4a53
[independent_rechecks] resume 4/202 78fc75bb91edeb8b1c88
[independent_rechecks] resume 5/202 de555311647dce8ff0cc
[independent_rechecks] resume 6/202 074165070f3b79aeaf83
[independent_rechecks] resume 7/202 26cdbadb4eeef59ad31a
[independent_rechecks] resume 8/202 8a1261e4f3391ac255bc
[independent_rechecks] resume 9/202 6e2240c01801717c5553
[independent_rechecks] resume 10/202 f037d1715bc09a866976
[independent_rechecks] resume 11/202 cebc6c0dbb48fdba115c
[independent_rechecks] resume 12/202 c9783826b8c53b6296ad
[independent_rechecks] resume 13/202 cccbfad3ed032536e18e
[independent_rechecks] resume 14/202 15f8a1d1ddf358ae9f23
[independent_rechecks] resume 15/202 8dda7ff6b94a55d02ca7
[independent_rechecks] resume 16/202 02b137aaf59505ef5888
[independent_rechecks] resume 17/202 34d3f732f54d53956884
[independent_rechecks] resume 18/202 843b6bd79d2f01ebedb7
[independent_rechecks] resume 19/202 efac26ecf4b7527b6039
[independent_rechecks] resume 20/202 8aa621b0963649a40fa6
[independent_rechecks] resume 21/202 579ccf9bcd39b549f992
[independent_rechecks] resume 22/202 2b8b6148da8b217307fb
[independent_rechecks] resume 23/202 a2ac8af52db89a580e77
[independent_rechecks] resume 24/202 4167e229970b8ec37efe
[independent_rechecks] resume 25/202 3b786e006a290fb08927
[independent_rechecks] resume 26/202 29de029db6b66984e702
[independent_rechecks] resume 27/202 512028b7a193758420f3
[independent_rechecks] resume 28/202 caac364e3aa1db563be1
[independent_rechecks] resume 29/202 f623020a3fa82d12ecaf
[independent_rechecks] resume 30/202 32d87c11c153b54785c1
[independent_rechecks] resume 31/202 de2b2e155f37b45c3095
[independent_rechecks] resume 32/202 2c9c1df22d93dda63fcd
[independent_rechecks] resume 33/202 7e59fad9792b06281b34
[independent_rechecks] resume 34/202 dd257d0ca7314ea0918f
[independent_rechecks] resume 35/202 d44aad8809812800da2e
[independent_rechecks] resume 36/202 2e18c010acbbe03e52db
[independent_rechecks] resume 37/202 28af4875769c4aecaa59
[independent_rechecks] resume 38/202 0c2952d19fceb926c346
[independent_rechecks] resume 39/202 505f034cb770bc847778
[independent_rechecks] resume 40/202 fb352739afd59b429696
[independent_rechecks] resume 41/202 eccbac46ab7edd91a2d4
[independent_rechecks] resume 42/202 5a0a8b37fe365bb20258
[independent_rechecks] resume 43/202 ed0a623fc75b52a1c2be
[independent_rechecks] resume 44/202 fae9b8cf118481c0b8ad
[independent_rechecks] resume 45/202 9cffb77e7c54d2aec381
[independent_rechecks] resume 46/202 aff0eb6d3b9d4a3f0892
[independent_rechecks] resume 47/202 78f5a22fe65c52ba68e3
[independent_rechecks] resume 48/202 2d031b4bc69d0d2ceeaa
[independent_rechecks] resume 49/202 a81477f044f09b220479
[independent_rechecks] resume 50/202 5b5845aac908fa114999
[independent_rechecks] resume 51/202 41175a5ef9b553a1693a
[independent_rechecks] resume 52/202 d2b49a95b33dac067b68
[independent_rechecks] resume 53/202 9cf44a6b37179f9e53aa
[independent_rechecks] resume 54/202 802b3ffee37fe7b414da
[independent_rechecks] resume 55/202 87d3a15f98d1c14d47cf
[independent_rechecks] resume 56/202 9f16a09f54cb0e7f4a97
[independent_rechecks] resume 57/202 7f8c13e41e61f837b8ff
[independent_rechecks] resume 58/202 b687919efa4d3f72b47e
[independent_rechecks] resume 59/202 048ccc10a7f3551450cf
[independent_rechecks] resume 60/202 5f9c8f8a62d7a2475c01
[independent_rechecks] resume 61/202 e74617901fa8de12cdc2
[independent_rechecks] resume 62/202 72e07e67fb34f8911426
[independent_rechecks] resume 63/202 fe0ef9f22c286ccaa06e
[independent_rechecks] resume 64/202 218e26e3af5f7a487886
[independent_rechecks] resume 65/202 a2f4fc0c9b4102696cb6
[independent_rechecks] resume 66/202 5e6f0faa4b8425d14aaf
[independent_rechecks] resume 67/202 747e475dae6f19ee15e4
[independent_rechecks] resume 68/202 bf6238a21a61d991cc7a
[independent_rechecks] resume 69/202 80d3e811a734ec2c00b2
[independent_rechecks] resume 70/202 96f5536958a32d93e708
[independent_rechecks] resume 71/202 96508ea01d284d36b7ce
[independent_rechecks] resume 72/202 5f59e1cb20d443cfc1a4
[independent_rechecks] resume 73/202 6b304b90f7e365b40229
[independent_rechecks] resume 74/202 f5a0191eead9d01fbcc1
[independent_rechecks] resume 75/202 f1aa15295ac81a7b2fb0
[independent_rechecks] resume 76/202 495b6d95d840fcf633c3
[independent_rechecks] resume 77/202 2506e9eacd80e33bfd9f
[independent_rechecks] resume 78/202 89be6e200e4481c193bd
[independent_rechecks] resume 79/202 cf01e52f26b823447439
[independent_rechecks] resume 80/202 964a2f2cb68217e47487
[independent_rechecks] resume 81/202 647a1e206deb5f1ac93d
[independent_rechecks] resume 82/202 875ce44d7d91f58ac3bf
[independent_rechecks] resume 83/202 c3c67cc2c683490a422d
[independent_rechecks] resume 84/202 29160f5c265ee36c22e1
[independent_rechecks] resume 85/202 18d98b048fa5f875b157
[independent_rechecks] resume 86/202 4b806011eaa5c8a98156
[independent_rechecks] resume 87/202 8456dc2d1a00459e9911
[independent_rechecks] resume 88/202 f0641778ed08558c772a
[independent_rechecks] resume 89/202 2699177066d4a508353f
[independent_rechecks] resume 90/202 3d1d30eb6f1d6089e354
[independent_rechecks] resume 91/202 77bdbdc9fa88c108b799
[independent_rechecks] resume 92/202 fb846d5152c5bfdd4002
[independent_rechecks] resume 93/202 fb03a654a08969876478
[independent_rechecks] resume 94/202 178eb7e55a8d18014c30
[independent_rechecks] resume 95/202 2a6e108472ea240cc918
[independent_rechecks] resume 96/202 2a08d8d3aa251ff11a1e
[independent_rechecks] resume 97/202 bd5f583bc608a4a7cb2c
[independent_rechecks] resume 98/202 ffbf03a3c549ad0c85e0
[independent_rechecks] resume 99/202 af88aede3681471b3930
[independent_rechecks] resume 100/202 42415f066f0343d42f27
[independent_rechecks] resume 101/202 343a34ffffe218ed56d1
[independent_rechecks] resume 102/202 7f3dbe939bca14e467c1
[independent_rechecks] resume 103/202 3c9a875af75e9e77b616
[independent_rechecks] resume 104/202 2762b258f473ee659c65
[independent_rechecks] resume 105/202 cc5976b227655956919a
[independent_rechecks] resume 106/202 226aec16e5d7795ed3d2
[independent_rechecks] resume 107/202 2b5d6dcb9903d0f1100e
[independent_rechecks] resume 108/202 f4dc7240393db811454d
[independent_rechecks] resume 109/202 ea79df9f6dd83d4268c6
[independent_rechecks] resume 110/202 e4c2f6200eed848b0f11
[independent_rechecks] resume 111/202 ca964b64aa28e63ce8a4
[independent_rechecks] resume 112/202 0739db0861e6b88ea7b7
[independent_rechecks] resume 113/202 85a56f3b62e15145cd35
[independent_rechecks] resume 114/202 b5a9d8808731e015a2af
[independent_rechecks] resume 115/202 3e0936946dc869d36d26
[independent_rechecks] resume 116/202 00be83adf10b2083f9d5
[independent_rechecks] resume 117/202 e68f906358e3b6f4943f
[independent_rechecks] resume 118/202 a02a4267e741cd79538b
[independent_rechecks] resume 119/202 c6377b6da2f0b456f267
[independent_rechecks] resume 120/202 0a41a1b6138ac0cb934c
[independent_rechecks] resume 121/202 8adddb68f6f04b133b36
[independent_rechecks] resume 122/202 5308ffbda2c7e66ebc1f
[independent_rechecks] resume 123/202 83c2772b77aa863e6042
[independent_rechecks] resume 124/202 05257bad754a6cbd0f15
[independent_rechecks] resume 125/202 80db26c592c26b6bb973
[independent_rechecks] resume 126/202 7cc4b34b0a28c08db1d3
[independent_rechecks] resume 127/202 993b60cb530004d280ba
[independent_rechecks] resume 128/202 c7fc5b9414ff19d041e2
[independent_rechecks] resume 129/202 bc7ae98cf0fc9998b99e
[independent_rechecks] resume 130/202 3353ac0fab846ab9e023
[independent_rechecks] resume 131/202 60281160a42bd6d25116
[independent_rechecks] resume 132/202 1f678a9f8851166e26fd
[independent_rechecks] resume 133/202 3fdf56634053cb78b028
[independent_rechecks] resume 134/202 a37d8ca42f2400efee62
[independent_rechecks] resume 135/202 172ed968a02db51394cb
[independent_rechecks] resume 136/202 7f9f0ba92279da67a20a
[independent_rechecks] resume 137/202 798851a44f63bd87cdd3
[independent_rechecks] resume 138/202 48f1b389c7668fb5ecfd
[independent_rechecks] resume 139/202 733502352338e191c5de
[independent_rechecks] resume 140/202 dfb41141cde64a8d7827
[independent_rechecks] resume 141/202 8f226379223845339698
[independent_rechecks] resume 142/202 981919854078d3b22fcc
[independent_rechecks] resume 143/202 bd3ac6bfa1521139c466
[independent_rechecks] resume 144/202 c78ed0010fdf48fb79d1
[independent_rechecks] resume 145/202 a4ee18e8a2a50fdcb0e3
[independent_rechecks] resume 146/202 d444122e45db95fdc36e
[independent_rechecks] resume 147/202 034db4b43d2d9059509f
[independent_rechecks] resume 148/202 6234ecd55034506a749e
[independent_rechecks] resume 149/202 7517b58c6f2a8f61a921
[independent_rechecks] resume 150/202 86bcd980aed341aeaf69
[independent_rechecks] resume 151/202 0550b787c49b555c485b
[independent_rechecks] resume 152/202 52313637fbeb059c3f63
[independent_rechecks] resume 153/202 432de98ba2d77574c312
[independent_rechecks] resume 154/202 b030369bc4a189cf5d36
[independent_rechecks] resume 155/202 3b27da75e9781dd11eaa
[independent_rechecks] resume 156/202 1076aa2ed424337b3850
[independent_rechecks] resume 157/202 383ce6e13d99dcb428da
[independent_rechecks] resume 158/202 e9e33c73b4e29085d11d
[independent_rechecks] resume 159/202 280bff2ba28f650b1f10
[independent_rechecks] resume 160/202 000577d5b0c62aa4a843
[independent_rechecks] resume 161/202 13d305d64ca0aa2c73f8
[independent_rechecks] resume 162/202 4f23cf96bde72ee5195b
[independent_rechecks] resume 163/202 c72519397ef43357f617
[independent_rechecks] resume 164/202 5d4ced2394488cc99d34
[independent_rechecks] resume 165/202 899ee07489fc0dda88ff
[independent_rechecks] resume 166/202 9a20497467a27711b70c
[independent_rechecks] resume 167/202 0f7879e5505e3927d3d7
[independent_rechecks] resume 168/202 fa0a2f4613af958c8507
[independent_rechecks] resume 169/202 756bc08dfaf955dd9256
[independent_rechecks] resume 170/202 0dd9fb38d6a155f13191
[independent_rechecks] resume 171/202 56f22fc40b616ce6a587
[independent_rechecks] resume 172/202 20e2c18536c4654e20ec
[independent_rechecks] resume 173/202 41014b61945114527914
[independent_rechecks] resume 174/202 07cbd406b53946c797a0
[independent_rechecks] resume 175/202 86aa7fec1ad5c1a0df70
[independent_rechecks] resume 176/202 83e184493b8af06fa4db
[independent_rechecks] resume 177/202 adfa901d47cba8f408a3
[independent_rechecks] resume 178/202 94b37d88210b7376a9ba
[independent_rechecks] resume 179/202 c3eb500bf832f05dd523
[independent_rechecks] resume 180/202 01184e7612fb2bea58f4
[independent_rechecks] resume 181/202 658054c8a9a4a5fb7a4d
[independent_rechecks] resume 182/202 3a9e431f36700574775f
[independent_rechecks] resume 183/202 d47e18bea4183e09842b
[independent_rechecks] resume 184/202 d155fab4cb70e183701f
[independent_rechecks] resume 185/202 9398cf75945502394ece
[independent_rechecks] resume 186/202 62458bf1ef334cf043fd
[independent_rechecks] resume 187/202 b29f50d1aca87169e9d0
[independent_rechecks] resume 188/202 c7102de4688990b9c7b4
[independent_rechecks] resume 189/202 eec82cb36186ac0d4b76
[independent_rechecks] resume 190/202 8049d5e9b23823857c68
[independent_rechecks] resume 191/202 e905b69b39a217c88b89
[independent_rechecks] resume 192/202 a534f99bd0796302e3b5
[independent_rechecks] resume 193/202 0b66528fbb2998edbe8f
[independent_rechecks] resume 194/202 bcbdf4b7e303509c505d
[independent_rechecks] resume 195/202 b94a2870a63fa30d8db5
[independent_rechecks] resume 196/202 6b6858f75e30f5777948
[independent_rechecks] resume 197/202 9d4f70d2bbd919be729f
[independent_rechecks] resume 198/202 ed0577ebdc2df07b4af7
[independent_rechecks] resume 199/202 3ae1cf24e88712c85fef
[independent_rechecks] resume 200/202 05dbe24909abf1649811
[independent_rechecks] resume 201/202 4a04f24c905c5620d3d1
[independent_rechecks] resume 202/202 976950fff33bb720a4de
