[stage1] complete 1/138 8b500140ec3cf4ad5d86 residual=2.726e-13
[stage1] complete 2/138 f4f1666c4402b37dd1bc residual=2.789e-13
[stage1] complete 3/138 53b44bbf0848e8f6d690 residual=2.683e-13
[stage1] complete 4/138 29160f5c265ee36c22e1 residual=1.130e-13
[stage1] complete 5/138 2699177066d4a508353f residual=2.097e-13
[stage1] complete 6/138 2d7a76224eb0879ba0b9 residual=1.267e-13
[stage1] complete 7/138 820287d39ae90e80a0db residual=1.700e-13
[stage1] complete 8/138 8cf08fa9bd7fbeeb3127 residual=3.615e-13
[stage1] complete 9/138 81216b89ce0ca8404c54 residual=5.143e-13
[stage1] complete 10/138 fb03a654a08969876478 residual=5.099e-13
[stage1] complete 11/138 af88aede3681471b3930 residual=1.937e-13
[stage1] complete 12/138 cc5976b227655956919a residual=7.216e-14
[stage1] complete 13/138 ff96ba931e73bf6a1938 residual=2.945e-14
[stage1] complete 14/138 37e0fa3c6f6c51ae18a6 residual=1.127e-14
[stage1] complete 15/138 00406cf8cdb4705b5054 residual=1.261e-14
[stage1] complete 16/138 e7df6730f08719e6ca99 residual=1.559e-14
[stage1] complete 17/138 a047746b198bf7a8ac28 residual=4.386e-15
[stage1] complete 18/138 5f4ba58911c34290ff5d residual=3.228e-15
[stage1] complete 19/138 798851a44f63bd87cdd3 residual=3.855e-15
[stage1] complete 20/138 bd3ac6bfa1521139c466 residual=3.443e-15
[stage1] complete 21/138 12dac8d76c5757c67ffc residual=3.741e-15
[stage1] complete 22/138 571c0cf6389553ded73c residual=2.799e-15
[stage1] complete 23/138 421a43f3f03031ad34bc residual=2.596e-15
[stage1] complete 24/138 e41819ce58431acd4882 residual=2.599e-15
[stage1] complete 25/138 3b27da75e9781dd11eaa residual=3.099e-15
[stage1] complete 26/138 e9e33c73b4e29085d11d residual=4.247e-15
[stage1] complete 27/138 79c56c7edc03b8e9e885 residual=3.363e-15
[stage1] complete 28/138 773cc8e900278ba8ed35 residual=2.268e-15
[stage1] complete 29/138 63fd005dc4c0b569ec50 residual=3.452e-15
[stage1] complete 30/138 cc65e5c8e95da6b4eb33 residual=3.072e-15
[stage1] complete 31/138 25f7fd5285302430e88f residual=3.157e-15
[stage1] complete 32/138 bd253307b1f9cf980ca8 residual=2.024e-15
[stage1] complete 33/138 17139440f049c404b511 residual=3.485e-15
[stage1] complete 34/138 13d305d64ca0aa2c73f8 residual=2.899e-15
[stage1] complete 35/138 4f23cf96bde72ee5195b residual=3.319e-15
[stage1] complete 36/138 0366ad8a5bdd273bb424 residual=2.554e-15
[stage1] complete 37/138 8db14a931e576b19e1d2 residual=2.893e-15
[stage1] complete 38/138 60f3d22f1cc16da76d3d residual=3.203e-15
[stage1] complete 39/138 5d4ced2394488cc99d34 residual=2.451e-15
[stage1] complete 40/138 899ee07489fc0dda88ff residual=3.726e-15
[stage1] complete 41/138 ff277be1faa806d007fa residual=5.562e-15
[stage1] complete 42/138 06dd8eaae0ba9d189d74 residual=5.642e-15
[stage1] complete 43/138 68d6a58e60fd0dc20453 residual=5.094e-15
[stage1] complete 44/138 f0459b6c600a84e12548 residual=5.478e-15
[stage1] complete 45/138 8157a0459ba43ab703d9 residual=5.823e-15
[stage1] complete 46/138 9a20497467a27711b70c residual=5.338e-15
[stage1] complete 47/138 0f7879e5505e3927d3d7 residual=5.506e-15
[stage1] complete 48/138 450f6e988dc865bfaffb residual=4.446e-15
[stage1] complete 49/138 b070a918e7a0c9767ec4 residual=5.311e-15
[stage1] complete 50/138 27be68be47470b6a6a56 residual=4.406e-15
[stage1] complete 51/138 bce95dfb88c3392a22ec residual=4.119e-15
[stage1] complete 52/138 9791b791e2eea5e7bc46 residual=4.197e-15
[stage1] complete 53/138 a1f70a6eff688207478e residual=4.183e-15
[stage1] complete 54/138 a4ea5460439dc334f73b residual=3.962e-15
[stage1] complete 55/138 081e41f9aad785263a91 residual=1.404e-14
[stage1] complete 56/138 4c507e8cd56111dc7bc1 residual=7.513e-15
[stage1] complete 57/138 4548308fe483fc6cd512 residual=9.218e-15
[stage1] complete 58/138 dd79c95998811ac7782f residual=6.236e-15
[stage1] complete 59/138 a7b49aa06c81d23c266c residual=7.769e-15
[stage1] complete 60/138 fa0a2f4613af958c8507 residual=9.455e-15
[stage1] complete 61/138 756bc08dfaf955dd9256 residual=1.144e-14
[stage1] complete 62/138 e2509f5b7a3fe22c831d residual=6.172e-15
[stage1] complete 63/138 917527cf8be70aab2679 residual=2.474e-14
[stage1] complete 64/138 79f8e776839e152e79aa residual=4.879e-14
[stage1] complete 65/138 7edbabea98b546ca39b5 residual=5.271e-14
[stage1] complete 66/138 3da7fe3416f9ef876835 residual=5.396e-14
[stage1] complete 67/138 0dd9fb38d6a155f13191 residual=6.471e-14
[stage1] complete 68/138 56f22fc40b616ce6a587 residual=6.776e-14
[stage1] complete 69/138 5e164f3f44275ac9642d residual=9.182e-15
[stage1] complete 70/138 7cc049534c8e2769c6c2 residual=6.224e-15
[stage1] complete 71/138 dc2156f711aa87bb700a residual=5.953e-15
[stage1] complete 72/138 ee24c9d70dfca6f9f0f0 residual=2.362e-15
[stage1] complete 73/138 cdc24e9d853680fd7340 residual=3.740e-15
[stage1] complete 74/138 20e2c18536c4654e20ec residual=3.069e-15
[stage1] complete 75/138 41014b61945114527914 residual=3.668e-15
[stage1] complete 76/138 d866d128f1ad98f6de13 residual=8.529e-15
[stage1] complete 77/138 0bac30d8edbe6a6326d9 residual=5.661e-15
[stage1] complete 78/138 4f89eeed06954ae9c4f3 residual=6.317e-15
[stage1] complete 79/138 ed079cb6ef440382b975 residual=4.087e-15
[stage1] complete 80/138 7be1fe0d8b602d371148 residual=7.312e-15
[stage1] complete 81/138 07cbd406b53946c797a0 residual=6.362e-15
[stage1] complete 82/138 86aa7fec1ad5c1a0df70 residual=5.942e-15
[stage1] complete 83/138 c8be5abb6996d45e0fbe residual=9.216e-15
[stage1] complete 84/138 d3dfa9547d46a3c1e2ce residual=8.716e-15
[stage1] complete 85/138 73b07561e64ff1387091 residual=1.170e-14
[stage1] complete 86/138 730285d0fd3aa219ffcc residual=1.504e-14
[stage1] complete 87/138 f33b123fa142f398321f residual=8.938e-15
[stage1] complete 88/138 83e184493b8af06fa4db residual=6.991e-15
[stage1] complete 89/138 adfa901d47cba8f408a3 residual=8.439e-15
[stage1] complete 90/138 b12356f310c517b480f2 residual=1.044e-14
[stage1] complete 91/138 c3089fc75acf5722825a residual=5.047e-15
[stage1] complete 92/138 fa4c426c27930b1a5e55 residual=1.011e-14
[stage1] complete 93/138 8f6f4eaa03d5f8eaf034 residual=6.223e-15
[stage1] complete 94/138 4d123df69c1878f67a2a residual=1.036e-14
[stage1] complete 95/138 94b37d88210b7376a9ba residual=7.840e-15
[stage1] complete 96/138 c3eb500bf832f05dd523 residual=6.352e-15
[stage1] complete 97/138 fb809a58c157a90ea742 residual=1.275e-14
[stage1] complete 98/138 34fb2f905a35b440ba88 residual=1.785e-14
[stage1] complete 99/138 83d687614bd022b20325 residual=1.500e-14
[stage1] complete 100/138 47670b310d86a303735a residual=1.257e-14
[stage1] complete 101/138 530d9737104086108a2f residual=1.225e-14
[stage1] complete 102/138 01184e7612fb2bea58f4 residual=1.178e-14
[stage1] complete 103/138 658054c8a9a4a5fb7a4d residual=9.905e-15
[stage1] complete 104/138 3a9e431f36700574775f residual=1.044e-14
[stage1] complete 105/138 d47e18bea4183e09842b residual=1.202e-14
[stage1] complete 106/138 0c629eacbedb10264672 residual=1.223e-14
[stage1] complete 107/138 fdf31c413da572b07e0b residual=4.465e-14
[stage1] complete 108/138 c7102de4688990b9c7b4 residual=4.620e-14
[stage1] complete 109/138 0b66528fbb2998edbe8f residual=2.081e-14
[stage1] complete 110/138 bcbdf4b7e303509c505d residual=5.068e-14
[stage1] complete 111/138 464c1e6e92ef2f529e58 residual=1.081e-14
[stage1] complete 112/138 938ba1bd2a4ff6a26d6f residual=9.150e-15
[stage1] complete 113/138 a93589012a6e62ad7443 residual=8.652e-15
[stage1] complete 114/138 0487d6e7fe0e146162b7 residual=7.667e-15
[stage1] complete 115/138 53245d0f04481d901e5f residual=9.168e-15
[stage1] complete 116/138 b94a2870a63fa30d8db5 residual=7.566e-15
[stage1] complete 117/138 6b6858f75e30f5777948 residual=8.113e-15
[stage1] complete 118/138 24d88acbda56d85df310 residual=7.552e-15
[stage1] complete 119/138 1a6f5fe683b108829f98 residual=6.677e-15
[stage1] complete 120/138 79e75b64c2712b9aabd5 residual=6.934e-15
[stage1] complete 121/138 1c64d76768bde68df001 residual=7.941e-15
[stage1] complete 122/138 e0f28ae30123b5a6a643 residual=8.713e-15
[stage1] complete 123/138 9d4f70d2bbd919be729f residual=1.208e-14
[stage1] complete 124/138 ed0577ebdc2df07b4af7 residual=7.897e-15
[stage1] complete 125/138 1b8f96fd7ec70facdb51 residual=1.284e-14
[stage1] complete 126/138 42ecf7d63bf969d69ef3 residual=1.348e-14
[stage1] complete 127/138 134eb86a493ea565f075 residual=1.357e-14
[stage1] complete 128/138 d7267a5782df0ddb0a25 residual=1.275e-14
[stage1] complete 129/138 5883a7f1d0120aae77cc residual=1.180e-14
[stage1] complete 130/138 3ae1cf24e88712c85fef residual=1.210e-14
[stage1] complete 131/138 05dbe24909abf1649811 residual=1.529e-14
[stage1] complete 132/138 cf5266c07f5f934a25a7 residual=9.388e-15
[stage1] complete 133/138 0c9a7cd7bcd84c61010e residual=7.816e-15
[stage1] complete 134/138 73b530b7ab6e76e09d3c residual=1.532e-14
[stage1] complete 135/138 570e5f170d286ddb11ed residual=1.032e-14
[stage1] complete 136/138 d22e8b1341c97c1ba00d residual=8.521e-15
[stage1] complete 137/138 4a04f24c905c5620d3d1 residual=9.075e-15
[stage1] complete 138/138 976950fff33bb720a4de residual=9.572e-15
[stage2] complete 2/441 2c09eab71f4a60a78237 residual=2.874e-13
[stage2] complete 3/441 0ad0253837b028292b44 residual=3.059e-13
[stage2] complete 4/441 164bf0824e61b5d9dcbd residual=3.058e-13
[stage2] complete 5/441 79bece82b1cdabef4a53 residual=2.793e-13
[stage2] complete 7/441 78fc75bb91edeb8b1c88 residual=2.574e-13
[stage2] complete 8/441 de555311647dce8ff0cc residual=2.385e-13
[stage2] complete 9/441 52614bd4e9e08418cde4 residual=2.335e-13
[stage2] complete 10/441 c08e44a5dab6724f17f4 residual=2.276e-13
[stage2] complete 11/441 8a1261e4f3391ac255bc residual=2.195e-13
[stage2] complete 12/441 6e2240c01801717c5553 residual=2.343e-13
[stage2] complete 13/441 f037d1715bc09a866976 residual=2.573e-13
[stage2] complete 14/441 cebc6c0dbb48fdba115c residual=2.538e-13
[stage2] complete 15/441 cccbfad3ed032536e18e residual=1.986e-13
[stage2] complete 16/441 90e8a805bac6fcbdbc8b residual=1.955e-13
[stage2] complete 17/441 8dda7ff6b94a55d02ca7 residual=1.369e-13
[stage2] complete 18/441 34d3f732f54d53956884 residual=2.114e-13
[stage2] complete 19/441 843b6bd79d2f01ebedb7 residual=2.004e-13
[stage2] complete 20/441 8aa621b0963649a40fa6 residual=1.946e-13
[stage2] complete 21/441 a2ac8af52db89a580e77 residual=2.089e-13
[stage2] complete 22/441 72e07e67fb34f8911426 residual=1.596e-13
[stage2] complete 23/441 457ca8c054d73b0e8ce1 residual=1.131e-13
[stage2] complete 24/441 747e475dae6f19ee15e4 residual=7.200e-14
[stage2] complete 25/441 80d3e811a734ec2c00b2 residual=1.844e-14
[stage2] complete 26/441 96f5536958a32d93e708 residual=7.457e-14
[stage2] complete 27/441 5f59e1cb20d443cfc1a4 residual=1.511e-13
[stage2] complete 28/441 f1aa15295ac81a7b2fb0 residual=1.156e-13
[stage2] complete 29/441 495b6d95d840fcf633c3 residual=1.190e-13
[stage2] complete 30/441 f6f434805ecc10cbf214 residual=1.118e-13
[stage2] complete 31/441 2506e9eacd80e33bfd9f residual=1.398e-13
[stage2] complete 32/441 89be6e200e4481c193bd residual=1.506e-13
[stage2] complete 33/441 964a2f2cb68217e47487 residual=9.505e-14
[stage2] complete 34/441 647a1e206deb5f1ac93d residual=1.023e-13
[stage2] complete 35/441 875ce44d7d91f58ac3bf residual=7.924e-14
[stage2] complete 36/441 c3c67cc2c683490a422d residual=5.802e-14
[stage2] complete 38/441 18d98b048fa5f875b157 residual=1.744e-13
[stage2] complete 39/441 4b806011eaa5c8a98156 residual=1.813e-13
[stage2] complete 40/441 8456dc2d1a00459e9911 residual=3.116e-13
[stage2] complete 41/441 f0641778ed08558c772a residual=2.147e-13
[stage2] complete 44/441 284edfa47e5fbe3e3606 residual=3.449e-13
[stage2] complete 45/441 bd6af22dd174fcfeda0d residual=4.183e-13
[stage2] complete 46/441 5866fcfe1a6cbb611ed2 residual=4.182e-13
[stage2] complete 47/441 ca7f202440b1a48ed396 residual=4.968e-13
[stage2] complete 49/441 25334360fc1f99b958c7 residual=5.125e-13
[stage2] complete 50/441 3d1d30eb6f1d6089e354 residual=5.138e-13
[stage2] complete 51/441 77bdbdc9fa88c108b799 residual=5.156e-13
[stage2] complete 52/441 fb846d5152c5bfdd4002 residual=5.145e-13
[stage2] complete 54/441 178eb7e55a8d18014c30 residual=4.222e-13
[stage2] complete 55/441 2a08d8d3aa251ff11a1e residual=3.009e-13
[stage2] complete 56/441 bd5f583bc608a4a7cb2c residual=2.533e-13
[stage2] complete 57/441 ffbf03a3c549ad0c85e0 residual=1.957e-13
[stage2] complete 59/441 42415f066f0343d42f27 residual=1.713e-13
[stage2] complete 60/441 343a34ffffe218ed56d1 residual=1.208e-13
[stage2] complete 61/441 3c9a875af75e9e77b616 residual=9.952e-14
[stage2] complete 62/441 2762b258f473ee659c65 residual=8.141e-14
[stage2] complete 65/441 201629648de772e36a54 residual=1.499e-14
[stage2] complete 66/441 6e234a2bcc1db63d291b residual=1.860e-14
[stage2] complete 67/441 6ae1aec450b5751213e5 residual=1.253e-14
[stage2] complete 68/441 0c206349cf31446d1d28 residual=1.108e-14
[stage2] complete 70/441 973f2e015e956e2a5dbd residual=1.373e-14
[stage2] complete 71/441 b87a302be36a07b9463f residual=1.414e-14
[stage2] complete 72/441 2b5d6dcb9903d0f1100e residual=1.277e-14
[stage2] complete 73/441 ea79df9f6dd83d4268c6 residual=1.301e-14
[stage2] complete 74/441 183916c8e71864e2ec80 residual=1.437e-14
[stage2] complete 75/441 ca964b64aa28e63ce8a4 residual=1.655e-14
[stage2] complete 76/441 713c56c32d8123a64d84 residual=1.658e-14
[stage2] complete 77/441 85a56f3b62e15145cd35 residual=2.374e-14
[stage2] complete 78/441 3e0936946dc869d36d26 residual=1.488e-14
[stage2] complete 79/441 7137ad27ce7895400073 residual=1.690e-14
[stage2] complete 80/441 00be83adf10b2083f9d5 residual=1.678e-14
[stage2] complete 81/441 c6377b6da2f0b456f267 residual=1.707e-14
[stage2] complete 82/441 8adddb68f6f04b133b36 residual=1.396e-14
[stage2] complete 83/441 83c2772b77aa863e6042 residual=5.815e-14
[stage2] complete 84/441 80db26c592c26b6bb973 residual=1.415e-14
[stage2] complete 86/441 fb979de70bb830b2e33c residual=3.698e-15
[stage2] complete 87/441 6a8cbd5ad009c9dbf629 residual=4.191e-15
[stage2] complete 88/441 1916e54537de71ebb56f residual=4.695e-15
[stage2] complete 89/441 7f9f0ba92279da67a20a residual=2.676e-15
[stage2] complete 91/441 48f1b389c7668fb5ecfd residual=3.004e-15
[stage2] complete 92/441 733502352338e191c5de residual=3.792e-15
[stage2] complete 93/441 dfb41141cde64a8d7827 residual=3.561e-15
[stage2] complete 94/441 981919854078d3b22fcc residual=3.075e-15
[stage2] complete 96/441 c78ed0010fdf48fb79d1 residual=3.921e-15
[stage2] complete 97/441 a4ee18e8a2a50fdcb0e3 residual=2.744e-15
[stage2] complete 98/441 d444122e45db95fdc36e residual=3.840e-15
[stage2] complete 99/441 034db4b43d2d9059509f residual=3.039e-15
[stage2] complete 101/441 0d33bb85b6176050c2a7 residual=3.875e-15
[stage2] complete 102/441 6234ecd55034506a749e residual=2.534e-15
[stage2] complete 103/441 7517b58c6f2a8f61a921 residual=2.633e-15
[stage2] complete 104/441 86bcd980aed341aeaf69 residual=3.555e-15
[stage2] complete 105/441 d42a23135ea9be5829ef residual=2.615e-15
[stage2] complete 107/441 f7d8979812c16efc8267 residual=3.717e-15
[stage2] complete 108/441 72342f49010f50a5dbb3 residual=2.698e-15
[stage2] complete 109/441 a677dc3d6499b702b48c residual=2.936e-15
[stage2] complete 110/441 30438408e539134192de residual=2.789e-15
[stage2] complete 112/441 761aa18c8958baac475d residual=2.795e-15
[stage2] complete 113/441 e47a453246e09bd999a0 residual=2.322e-15
[stage2] complete 114/441 a685792636e0ebb36760 residual=3.021e-15
[stage2] complete 115/441 b030369bc4a189cf5d36 residual=2.586e-15
[stage2] complete 117/441 1076aa2ed424337b3850 residual=3.232e-15
[stage2] complete 118/441 b2e73249a11cf2a67b41 residual=3.161e-15
[stage2] complete 119/441 1743503ad80a5d33239f residual=3.232e-15
[stage2] complete 120/441 383ce6e13d99dcb428da residual=1.576e-15
[stage2] complete 122/441 280bff2ba28f650b1f10 residual=3.118e-15
[stage2] complete 123/441 000577d5b0c62aa4a843 residual=2.915e-15
[stage2] complete 124/441 e75d913d921d2f41c58e residual=4.217e-15
[stage2] complete 125/441 05812a83c722fbbaa264 residual=2.949e-15
[stage2] complete 128/441 33d658c5d237d950565d residual=3.003e-15
[stage2] complete 129/441 03c5f035f7a111c624b1 residual=2.588e-15
[stage2] complete 130/441 1519e98d0056a8cced5c residual=3.584e-15
[stage2] complete 131/441 b425ecaecc9118522264 residual=3.219e-15
[stage2] complete 133/441 08cbd5a9359d431847d8 residual=2.898e-15
[stage2] complete 134/441 6ab379e89f9dff9c7f93 residual=3.231e-15
[stage2] complete 135/441 8fb4fa90b3aeecb2ac13 residual=3.015e-15
[stage2] complete 136/441 e9b255bdf84088da1446 residual=2.931e-15
[stage2] complete 138/441 6c95c5a343c22920a6e6 residual=2.325e-15
[stage2] complete 139/441 993fa5d46c0cf178ee22 residual=2.707e-15
[stage2] complete 140/441 8c9be3af5dfc6bd84f0d residual=3.779e-15
[stage2] complete 141/441 b435be11684bcf9a87e4 residual=4.044e-15
[stage2] complete 143/441 e15b8a0cdd1f46fb9b7d residual=2.431e-15
[stage2] complete 144/441 9e72946c18d5c0135344 residual=2.740e-15
[stage2] complete 145/441 0b71635d3bbb3f0d5643 residual=2.874e-15
[stage2] complete 146/441 b0e34d8861e2a983d50c residual=2.544e-15
[stage2] complete 148/441 d7a5fdcf42214e28dbfb residual=2.518e-15
[stage2] complete 149/441 48271df634e30fb79b7b residual=3.364e-15
[stage2] complete 150/441 f1c70bed91ae24f8e3c9 residual=2.812e-15
[stage2] complete 151/441 274a0622f44e3b7b2847 residual=2.597e-15
[stage2] complete 152/441 2bb7b09f86903629e52d residual=2.812e-15
[stage2] complete 154/441 be1a4a8851216fc6cac5 residual=3.459e-15
[stage2] complete 155/441 d7258f30f79d3e10af87 residual=2.121e-15
[stage2] complete 156/441 0308b07ddd3d0ab54f89 residual=3.399e-15
[stage2] complete 157/441 b7b4c03df447b9d253d6 residual=3.241e-15
[stage2] complete 159/441 003637b34de78f98024b residual=3.198e-15
[stage2] complete 160/441 dc97b1444ed35e80da76 residual=1.999e-15
[stage2] complete 161/441 5fce9cac50d910abf296 residual=2.647e-15
[stage2] complete 162/441 17a0faa88a3de0a50654 residual=2.656e-15
[stage2] complete 164/441 6e2dea0ba5673403b979 residual=2.261e-15
[stage2] complete 165/441 0eca9ba163b2e629e8a5 residual=2.639e-15
[stage2] complete 166/441 06a8521f1c547525267d residual=2.823e-15
[stage2] complete 167/441 c72519397ef43357f617 residual=2.426e-15
[stage2] complete 170/441 8b0b20af9a0d4d6e40c2 residual=5.651e-15
[stage2] complete 171/441 5d107c787c166b9c553e residual=5.645e-15
[stage2] complete 172/441 5ed794e8f9217cab4a73 residual=6.427e-15
[stage2] complete 173/441 3bbd3bd243270314629e residual=5.530e-15
[stage2] complete 175/441 04eb1597dcc97e5ba958 residual=5.541e-15
[stage2] complete 176/441 3ae8bbabce2dc5750a62 residual=5.891e-15
[stage2] complete 177/441 64d6f783a4284b246481 residual=5.824e-15
[stage2] complete 178/441 ee53bee0b1dbed3f919a residual=6.133e-15
[stage2] complete 180/441 89d06a9af8052a18fc3d residual=5.607e-15
[stage2] complete 181/441 d894df06628df3ff93a4 residual=5.351e-15
[stage2] complete 182/441 035b93c99709d817c37d residual=4.844e-15
[stage2] complete 183/441 66443320250418bec7bb residual=4.687e-15
[stage2] complete 185/441 bd7ec1330b67f9a978b6 residual=6.124e-15
[stage2] complete 186/441 c9ca57bb1e44cfff302a residual=5.713e-15
[stage2] complete 187/441 e51f52239eb3724f110d residual=6.039e-15
[stage2] complete 188/441 06a30bb379ae2d58f7c7 residual=5.622e-15
[stage2] complete 191/441 470d056c64922e97f7eb residual=7.398e-15
[stage2] complete 192/441 75807beb049acdc1f7a0 residual=1.658e-14
[stage2] complete 193/441 050afb20b5262415ca69 residual=1.224e-14
[stage2] complete 194/441 b89e906517d51ac2d561 residual=1.022e-14
[stage2] complete 196/441 2d4a85d1bf98712f07e1 residual=8.810e-15
[stage2] complete 197/441 96386d2ca8b6cdf4a65d residual=1.074e-14
[stage2] complete 198/441 c5b3479992b58c0d8752 residual=5.741e-15
[stage2] complete 199/441 e2f47704555e97a0081e residual=6.236e-15
[stage2] complete 201/441 d041b4166aa37d7f07a7 residual=6.668e-15
[stage2] complete 202/441 14063c76344f43188046 residual=1.037e-14
[stage2] complete 203/441 404764699466193dc115 residual=5.671e-15
[stage2] complete 204/441 f6add172aca75f300591 residual=7.555e-15
[stage2] complete 206/441 18c2c85c6a0d4aa060e0 residual=9.283e-15
[stage2] complete 207/441 96cbb4a8ca6cf7b5658b residual=7.899e-15
[stage2] complete 208/441 ff9d398619a28151fef5 residual=7.218e-15
[stage2] complete 209/441 f76e292e6d8be4653367 residual=6.822e-15
[stage2] complete 212/441 5b52cbf6e8ce464d184f residual=3.155e-14
[stage2] complete 213/441 40bdf9ade8ef1bfec461 residual=4.931e-14
[stage2] complete 214/441 5a29ca2156f03adb4a10 residual=4.931e-14
[stage2] complete 215/441 da284e6f1aa6b06b7acb residual=5.198e-14
[stage2] complete 217/441 663cb2009de4444c953c residual=5.024e-14
[stage2] complete 218/441 b650a622f9927368b50e residual=5.060e-14
[stage2] complete 219/441 4392a2dcf9c8cbb92a49 residual=1.018e-14
[stage2] complete 220/441 a75feb102972a582b72e residual=4.958e-14
[stage2] complete 222/441 46bdbeda1d7ebe8f2772 residual=5.157e-14
[stage2] complete 223/441 1536c0464a202dae6456 residual=5.046e-14
[stage2] complete 224/441 9a13839a37cd537f46ef residual=5.212e-14
[stage2] complete 225/441 d37ead110f34f5d045b7 residual=5.174e-14
[stage2] complete 227/441 4466326501caca07ce81 residual=6.477e-14
[stage2] complete 228/441 1cedd58deb4ea139a808 residual=6.435e-14
[stage2] complete 229/441 9492cf3bb5b6a84c4d6d residual=6.662e-14
[stage2] complete 230/441 b222f2ea99478ad7008b residual=6.772e-14
[stage2] complete 233/441 630a9ab020bcc7f9bf87 residual=5.839e-15
[stage2] complete 234/441 10a26ed7d92951197469 residual=4.269e-15
[stage2] complete 235/441 efde2f33cdec4b92842e residual=5.737e-15
[stage2] complete 236/441 d0f408f58565cfc98e6e residual=3.780e-15
[stage2] complete 238/441 00d1076fcb560ffe772a residual=4.770e-15
[stage2] complete 239/441 ad06b1c737dd621f5df8 residual=5.732e-15
[stage2] complete 240/441 8100171fb89c197069db residual=4.503e-15
[stage2] complete 241/441 4f1bd78d9923ea9576f3 residual=7.393e-15
[stage2] complete 243/441 5b3e313c2aaaa38ffb70 residual=7.724e-15
[stage2] complete 244/441 520ee54db588d93e5e34 residual=8.135e-15
[stage2] complete 245/441 f3c8e6e843d6764df17d residual=6.212e-15
[stage2] complete 246/441 c2945b955c46510c9885 residual=5.153e-15
[stage2] complete 248/441 30e0dbcd63d51667ee81 residual=1.205e-14
[stage2] complete 249/441 432f757290b43073f926 residual=6.087e-15
[stage2] complete 250/441 29ab362c9e462b28aeea residual=7.505e-15
[stage2] complete 251/441 a7c39232a41adf20b43b residual=1.287e-14
[stage2] complete 254/441 79cc048b1be1a470bb76 residual=1.196e-14
[stage2] complete 255/441 bc2511a66dd5dda4f806 residual=1.519e-14
[stage2] complete 256/441 9a444cf610d232b9d326 residual=8.529e-15
[stage2] complete 257/441 4353288974c15408c1d8 residual=7.314e-15
[stage2] complete 259/441 044e4701f217930a91e8 residual=9.102e-15
[stage2] complete 260/441 1d7902251381c66be8bb residual=2.857e-15
[stage2] complete 261/441 e2e1cf71a0f0fc062cae residual=1.066e-14
[stage2] complete 262/441 aaf2be96d574e2217311 residual=5.139e-15
[stage2] complete 264/441 2c64f54cad0078804cdc residual=4.512e-15
[stage2] complete 265/441 56708d18bc5f7a9913c4 residual=4.879e-15
[stage2] complete 266/441 cb0486821e1f001d3d1c residual=6.120e-15
[stage2] complete 267/441 98f9bed325426e910324 residual=3.162e-15
[stage2] complete 269/441 6d080f9cb4100f5a1ce8 residual=4.468e-15
[stage2] complete 270/441 520869ebcb8f64eafb97 residual=3.645e-15
[stage2] complete 271/441 d2bce355958b8b3daead residual=5.862e-15
[stage2] complete 272/441 a9123862b73d2f808a9a residual=5.871e-15
[stage2] complete 275/441 0cbfef01519b98fbcf2a residual=5.434e-15
[stage2] complete 276/441 7745f3182f8c572f9894 residual=9.204e-15
[stage2] complete 277/441 49570a6ddd32a9263751 residual=1.004e-14
[stage2] complete 278/441 4f4b725abcab74f993ea residual=1.010e-14
[stage2] complete 280/441 f7d3d42aaa774fb22cc9 residual=1.062e-14
[stage2] complete 281/441 0ffc1d620df037683dfb residual=8.590e-15
[stage2] complete 282/441 44185e6c844008396462 residual=9.161e-15
[stage2] complete 283/441 fa64c992daa611e49029 residual=6.580e-15
[stage2] complete 285/441 83e1d36525f286473b2c residual=1.231e-14
[stage2] complete 286/441 511381a82bb2e062f6b7 residual=4.867e-15
[stage2] complete 287/441 1ffbeb033116abb05d58 residual=8.088e-15
[stage2] complete 288/441 56d761d43560ee7e8ddb residual=5.559e-15
[stage2] complete 290/441 712dfae98d0b9b9dcaeb residual=5.939e-15
[stage2] complete 291/441 6beb3db3d114b45daca7 residual=9.742e-15
[stage2] complete 292/441 59a159e61d9b1ce3ea69 residual=1.058e-14
[stage2] complete 293/441 7e11a1a2930dcd6c29c2 residual=8.447e-15
[stage2] complete 296/441 1a3115d34d5e9a8ce05d residual=5.984e-15
[stage2] complete 297/441 5fbf9aa870f39e9c8a31 residual=6.019e-15
[stage2] complete 298/441 c10491e3b551f305cba3 residual=9.187e-15
[stage2] complete 299/441 5b26c01c1e2e19795f89 residual=7.372e-15
[stage2] complete 301/441 0ab45c9db8bd448062b5 residual=6.775e-15
[stage2] complete 302/441 1fdff1c62725a0f600a4 residual=1.171e-14
[stage2] complete 303/441 52c183aca537f3deb446 residual=1.176e-14
[stage2] complete 304/441 a499ebacabfc2fb29581 residual=1.024e-14
[stage2] complete 306/441 7841b7f6216c2d3e03a7 residual=7.241e-15
[stage2] complete 307/441 fc0ab27e400c3424f06b residual=9.532e-15
[stage2] complete 308/441 087a79f90db5c3917575 residual=1.201e-14
[stage2] complete 309/441 d8501e5a61348f25efee residual=9.604e-15
[stage2] complete 311/441 699d4174bba6f99a43f0 residual=6.755e-15
[stage2] complete 312/441 06c9e8926ba5062f27a6 residual=5.964e-15
[stage2] complete 313/441 d4e609c7f125a752c110 residual=7.490e-15
[stage2] complete 314/441 db5f03171be9abde9a54 residual=6.933e-15
[stage2] complete 317/441 30bacd1eecddf66c9c6c residual=1.463e-14
[stage2] complete 318/441 6d2d07a6dd50246fc983 residual=1.642e-14
[stage2] complete 319/441 6cfe2f67152148206b3c residual=1.555e-14
[stage2] complete 320/441 43e3f2d9353e54cd3310 residual=1.306e-14
[stage2] complete 322/441 213b4dfe342a966622e0 residual=1.336e-14
[stage2] complete 323/441 4fc8715f857be07c9acf residual=1.228e-14
[stage2] complete 324/441 b4960ae038e1d0961611 residual=1.553e-14
[stage2] complete 325/441 f432176983914405b187 residual=1.314e-14
[stage2] complete 327/441 4afca33c3e4393984fb6 residual=1.670e-14
[stage2] complete 328/441 df3d5212c6ca2d225978 residual=1.264e-14
[stage2] complete 329/441 081d7b8426ebcd8061ae residual=1.383e-14
[stage2] complete 330/441 55c7a06035766746807b residual=1.218e-14
[stage2] complete 332/441 75e0426abd0ed0d8468b residual=1.229e-14
[stage2] complete 333/441 0499b97fd49a671b5381 residual=1.226e-14
[stage2] complete 334/441 7a0f7c59e56a2e18489b residual=9.807e-15
[stage2] complete 335/441 9dd345848e2bd2a9c7ab residual=1.137e-14
[stage2] complete 338/441 d155fab4cb70e183701f residual=3.246e-14
[stage2] complete 339/441 ecdb1bdab9ad0115328f residual=1.893e-14
[stage2] complete 340/441 8059ca7f332c6c3c9ed0 residual=3.713e-14
[stage2] complete 341/441 743b395b3ea8459920da residual=1.339e-14
[stage2] complete 343/441 9b86919b884f2d0617eb residual=4.303e-14
[stage2] complete 344/441 aa6d82dcda52fa2f3b12 residual=4.811e-14
[stage2] complete 345/441 7d9d10674836ddee2332 residual=4.301e-14
[stage2] complete 346/441 f379d1cd4a2b36b3576e residual=4.342e-14
[stage2] complete 348/441 703cc8b86b51ba19a83f residual=4.611e-14
[stage2] complete 349/441 9398cf75945502394ece residual=4.183e-14
[stage2] complete 350/441 62458bf1ef334cf043fd residual=5.224e-14
[stage2] complete 351/441 b29f50d1aca87169e9d0 residual=5.075e-14
[stage2] complete 353/441 eec82cb36186ac0d4b76 residual=4.540e-14
[stage2] complete 354/441 8049d5e9b23823857c68 residual=1.991e-14
[stage2] complete 355/441 e905b69b39a217c88b89 residual=1.753e-14
[stage2] complete 356/441 a534f99bd0796302e3b5 residual=1.806e-14
[stage2] complete 359/441 fae129e2283d3d069922 residual=1.185e-14
[stage2] complete 360/441 b1d6c3711054e224f117 residual=8.892e-15
[stage2] complete 361/441 cb5cf866b87e7372161b residual=8.837e-15
[stage2] complete 362/441 16c6adff6621ed047f0c residual=9.007e-15
[stage2] complete 364/441 cf49f079bf4d8b0722be residual=6.340e-15
[stage2] complete 365/441 b768a0519942d53e4efb residual=8.080e-15
[stage2] complete 366/441 54af7234e6074486e9cd residual=6.658e-15
[stage2] complete 367/441 8f2af73c8edfa049b669 residual=6.886e-15
[stage2] complete 369/441 4d4dd90927e5d1787db3 residual=9.645e-15
[stage2] complete 370/441 587d873e5e0b791cceef residual=8.726e-15
[stage2] complete 371/441 26d8f0028351d235694d residual=6.892e-15
[stage2] complete 372/441 a49bd7334a482c0c99d4 residual=1.250e-14
[stage2] complete 374/441 377cad82233df20d1ea2 residual=7.598e-15
[stage2] complete 375/441 4854a13b0958c50fd294 residual=1.544e-14
[stage2] complete 376/441 3cff30789e6e0a46bc7e residual=8.438e-15
[stage2] complete 377/441 5c19efc1b74d22feb5e4 residual=8.911e-15
[stage2] complete 380/441 2375a770f8d77adece6b residual=7.355e-15
[stage2] complete 381/441 3d7469c5d3a79956fd35 residual=7.635e-15
[stage2] complete 382/441 237c5e9520dc56eb32ae residual=7.679e-15
[stage2] complete 383/441 e6cc96efa5fe292ab32f residual=7.373e-15
[stage2] complete 385/441 fce99fe6e036e366653c residual=7.887e-15
[stage2] complete 386/441 3b72c62109859824270f residual=6.680e-15
[stage2] complete 387/441 eadcccc5393b8918fdb9 residual=1.149e-14
[stage2] complete 388/441 3d220c75f5edaa29fe94 residual=7.103e-15
[stage2] complete 390/441 a9e98cdf02f71021401c residual=1.367e-14
[stage2] complete 391/441 e8de7d031ab221ceaa69 residual=7.689e-15
[stage2] complete 392/441 a70980fcea95838d8ecd residual=1.400e-14
[stage2] complete 393/441 df4bfb2d667961bccfcf residual=1.562e-14
[stage2] complete 395/441 33693b79afee2d87e9e8 residual=1.122e-14
[stage2] complete 396/441 dc9cdfc685ce257794f3 residual=8.240e-15
[stage2] complete 397/441 8c0f8c9f957e0bfe5419 residual=6.877e-15
[stage2] complete 398/441 5fbfa5ad07809ae512c4 residual=1.728e-14
[stage2] complete 401/441 228da8dbbeee82da3161 residual=1.483e-14
[stage2] complete 402/441 bddd3bb5e350912b04b7 residual=1.367e-14
[stage2] complete 403/441 cd45eadac31a665c37be residual=1.228e-14
[stage2] complete 404/441 080f25e2641ef634f1f3 residual=1.893e-14
[stage2] complete 406/441 4dc70969fbb10f1238d3 residual=1.258e-14
[stage2] complete 407/441 f04edd084a2193276016 residual=2.297e-14
[stage2] complete 408/441 2aa84a817895d0bc1693 residual=1.124e-14
Traceback (most recent call last):
  File "/home/AbeHiromu/projects/Evaluation-of-gate-numbers-for-ground-state-energy-calculations-using-higher-order-product-formulae/.worktrees/trotter-d03-target-accuracy-followup/review_response/run_d03_target_accuracy_followup.py", line 1108, in <module>
    raise SystemExit(main())
                     ^^^^^^
  File "/home/AbeHiromu/projects/Evaluation-of-gate-numbers-for-ground-state-energy-calculations-using-higher-order-product-formulae/.worktrees/trotter-d03-target-accuracy-followup/review_response/run_d03_target_accuracy_followup.py", line 1101, in main
    return run_all(args)
           ^^^^^^^^^^^^^
  File "/home/AbeHiromu/projects/Evaluation-of-gate-numbers-for-ground-state-energy-calculations-using-higher-order-product-formulae/.worktrees/trotter-d03-target-accuracy-followup/review_response/run_d03_target_accuracy_followup.py", line 963, in run_all
    compute_items(output, "stage2", fine_plan["points"], systems, backend, args.gpu_id)
  File "/home/AbeHiromu/projects/Evaluation-of-gate-numbers-for-ground-state-energy-calculations-using-higher-order-product-formulae/.worktrees/trotter-d03-target-accuracy-followup/review_response/run_d03_target_accuracy_followup.py", line 660, in compute_items
    np.save(vector_path, vector)
  File "/home/AbeHiromu/venvs/trotter-common/lib/python3.12/site-packages/numpy/lib/npyio.py", line 546, in save
    format.write_array(fid, arr, allow_pickle=allow_pickle,
  File "/home/AbeHiromu/venvs/trotter-common/lib/python3.12/site-packages/numpy/lib/format.py", line 730, in write_array
    array.tofile(fp)
OSError: 1568 requested and 504 written
