/home/AbeHiromu/projects/Evaluation-of-gate-numbers-for-ground-state-energy-calculations-using-higher-order-product-formulae/.worktrees/gpu-pf-spectral-information-pilot-d1-20260928/src/trotterlib/Almost_optimal_grouping.py:222: SyntaxWarning: invalid escape sequence '\s'
  """
/home/AbeHiromu/projects/Evaluation-of-gate-numbers-for-ground-state-energy-calculations-using-higher-order-product-formulae/.worktrees/gpu-pf-spectral-information-pilot-d1-20260928/src/trotterlib/Almost_optimal_grouping.py:382: SyntaxWarning: invalid escape sequence '\s'
  """
/home/AbeHiromu/projects/Evaluation-of-gate-numbers-for-ground-state-energy-calculations-using-higher-order-product-formulae/.worktrees/gpu-pf-spectral-information-pilot-d1-20260928/src/trotterlib/Almost_optimal_grouping.py:636: SyntaxWarning: invalid escape sequence '\s'
  """
/home/AbeHiromu/projects/Evaluation-of-gate-numbers-for-ground-state-energy-calculations-using-higher-order-product-formulae/.worktrees/gpu-pf-spectral-information-pilot-d1-20260928/src/trotterlib/Almost_optimal_grouping.py:747: SyntaxWarning: invalid escape sequence '\s'
  """
/home/AbeHiromu/projects/Evaluation-of-gate-numbers-for-ground-state-energy-calculations-using-higher-order-product-formulae/.worktrees/gpu-pf-spectral-information-pilot-d1-20260928/src/trotterlib/Almost_optimal_grouping.py:792: SyntaxWarning: invalid escape sequence '\s'
  """
{
  "all_numerical_gates_pass": true,
  "closed_second_study_status": "complete_no_benefit_unchanged",
  "counts": {
    "condition_count": 2,
    "coordinate_computed_this_invocation": 6,
    "coordinate_count": 6,
    "coordinate_reused_this_invocation": 0,
    "exact_ground_computed_this_invocation": 2,
    "exact_ground_reused_this_invocation": 0,
    "existing_coordinate_full_pf_unitary_rebuild_count": 6,
    "existing_coordinate_pf_eigendecomposition_count": 6,
    "gpu_allocation_count": 0,
    "gpu_kernel_count": 0,
    "gpu_query_count": 0,
    "new_direct_coordinate_count": 0,
    "new_hamiltonian_count": 0,
    "new_proxy_sampling_campaign_count": 0,
    "new_state_approximation_method_count": 0,
    "optimization_count": 0,
    "same_h_exact_ground_regeneration_count": 2
  },
  "d0_result_commit": "0d13decb8793c5e6fd83075b1559e05424f93c04",
  "d1_authorization_sha256": "5ec7fc1d041f3b2c8d1ea9d1e5418a7a6e9c7d9773c96532d826a003714cc186",
  "d2_authorized": false,
  "evidence_class": "post_hoc_protocol_design_spectral_diagnostic",
  "execution_head": "03747a2ca85c46d593b4fcf1e4969fd45005e37e",
  "holdout_authorized": false,
  "method_implementation_authorized": false,
  "protocol_sha256": "44d69fa249a075a6dd863ddc518a5d93da7e6699d4f888037c8476e68e5cdb9e",
  "resource_gates": {
    "cpu_only": true,
    "peak_memory": true,
    "processes": true,
    "wall_time": true
  },
  "retuning_authorized": false,
  "schema": "pf_spectral_information_pilot_d1_decision_v1",
  "scientific_gates": {
    "all_numerical_gates_pass": true,
    "d2_authorized": false,
    "oracle_contribution_k_le_8_actual_all_six": true,
    "truth_free_route": {
      "candidate": "unitary_krylov_moments_from_frozen_approximate_state",
      "hamiltonian_actions_per_coordinate_maximum": 8,
      "implemented_or_validated_in_d1": false,
      "pf_actions_per_coordinate_maximum": 8,
      "resource_envelope_within_d0_limits": true,
      "subspace_dimension_maximum": 8,
      "unresolved": [
        "branch correspondence without truth",
        "conditioning and truncation",
        "measurement precision and classical information cost",
        "transfer from exact-ground diagnostic weights to an obtainable state"
      ],
      "uses_direct_truth_operationally": false,
      "uses_exact_state_operationally": false
    },
    "weight_ranked_k_le_4_actual_and_conservative_all_six": true
  },
  "status": "d1_complete_prototype_candidate_stop"
}
