[2026-09-20T22:21:19+09:00] CPU reaggregation A/B
[2026-09-20T22:21:21+09:00] GPU branch audit: 21 times across GPUs 0-7
[2026-09-20T22:21:21+09:00] GPU 0 started a030
[2026-09-20T22:21:21+09:00] GPU 2 started a100
[2026-09-20T22:21:21+09:00] GPU 1 started a060
[2026-09-20T22:21:21+09:00] GPU 4 started a160
[2026-09-20T22:21:21+09:00] GPU 3 started a140
[2026-09-20T22:21:21+09:00] GPU 5 started r090
[2026-09-20T22:21:21+09:00] GPU 6 started r091
[2026-09-20T22:21:21+09:00] GPU 7 started r092
[2026-09-20T22:22:02+09:00] GPU 0 finished a030
[2026-09-20T22:22:02+09:00] GPU 0 started r093
[2026-09-20T22:22:03+09:00] GPU 1 finished a060
[2026-09-20T22:22:03+09:00] GPU 1 started r094
[2026-09-20T22:22:04+09:00] GPU 4 finished a160
[2026-09-20T22:22:04+09:00] GPU 4 started r097
[2026-09-20T22:22:05+09:00] GPU 5 finished r090
[2026-09-20T22:22:05+09:00] GPU 5 started r098
[2026-09-20T22:22:05+09:00] GPU 3 finished a140
[2026-09-20T22:22:05+09:00] GPU 3 started r096
[2026-09-20T22:22:07+09:00] GPU 2 finished a100
[2026-09-20T22:22:07+09:00] GPU 2 started r095
[2026-09-20T22:22:08+09:00] GPU 7 finished r092
[2026-09-20T22:22:08+09:00] GPU 7 started r100
[2026-09-20T22:22:09+09:00] GPU 6 finished r091
[2026-09-20T22:22:09+09:00] GPU 6 started r099
[2026-09-20T22:22:43+09:00] GPU 0 finished r093
[2026-09-20T22:22:43+09:00] GPU 0 started r101
[2026-09-20T22:22:45+09:00] GPU 1 finished r094
[2026-09-20T22:22:45+09:00] GPU 1 started r102
[2026-09-20T22:22:46+09:00] GPU 2 finished r095
[2026-09-20T22:22:46+09:00] GPU 2 started r103
[2026-09-20T22:22:49+09:00] GPU 7 finished r100
[2026-09-20T22:22:51+09:00] GPU 3 finished r096
[2026-09-20T22:22:51+09:00] GPU 3 started r104
[2026-09-20T22:22:51+09:00] GPU 5 finished r098
[2026-09-20T22:22:54+09:00] GPU 6 finished r099
[2026-09-20T22:23:17+09:00] GPU 2 finished r103
[2026-09-20T22:23:17+09:00] GPU 4 finished r097
[2026-09-20T22:23:17+09:00] GPU 4 started r105
[2026-09-20T22:23:19+09:00] GPU 1 finished r102
[2026-09-20T22:23:22+09:00] GPU 3 finished r104
[2026-09-20T22:23:50+09:00] GPU 0 finished r101
[2026-09-20T22:23:52+09:00] GPU 4 finished r105
[2026-09-20T22:23:52+09:00] aggregating eigenbranch and cost results
[2026-09-20T22:23:55+09:00] COMPLETE
