	Command being timed: "/home/AbeHiromu/venvs/trotter-common/bin/python -u review_response/run_second_study_safe_time_domain_phase_b.py --project-root /home/AbeHiromu/worktrees/gpu-second-study-safe-time-domain-phase-b-20260928 --protocol review_response/second_study_safe_time_domain_protocol.json --preflight-root artifacts/server_second_study_safe_time_domain_preflight_v1_4_20260927_9e0afa0 --phase-a-root /home/AbeHiromu/worktrees/gpu-second-study-safe-time-domain-phase-a-20260927/artifacts/server_second_study_safe_time_domain_phase_a_20260927_e86e694 --phase-a-commit efea5fe0718c2c2623935949460498da066bdec3 --phase-a-artifact-relative artifacts/server_second_study_safe_time_domain_phase_a_20260927_e86e694 --backend gpu --gpu-id 0 --processes 1 --output artifacts/server_second_study_safe_time_domain_phase_b_20260928_d4dd42f"
	User time (seconds): 477.54
	System time (seconds): 8.64
	Percent of CPU this job got: 100%
	Elapsed (wall clock) time (h:mm:ss or m:ss): 8:03.02
	Average shared text size (kbytes): 0
	Average unshared data size (kbytes): 0
	Average stack size (kbytes): 0
	Average total size (kbytes): 0
	Maximum resident set size (kbytes): 3105380
	Average resident set size (kbytes): 0
	Major (requiring I/O) page faults: 0
	Minor (reclaiming a frame) page faults: 1188699
	Voluntary context switches: 11386
	Involuntary context switches: 1692
	Swaps: 0
	File system inputs: 0
	File system outputs: 864
	Socket messages sent: 0
	Socket messages received: 0
	Signals delivered: 0
	Page size (bytes): 4096
	Exit status: 0
