/home/AbeHiromu/worktrees/gpu-second-study-safe-time-domain-phase-b-20260928/src/trotterlib/Almost_optimal_grouping.py:222: SyntaxWarning: invalid escape sequence '\s'
  """
/home/AbeHiromu/worktrees/gpu-second-study-safe-time-domain-phase-b-20260928/src/trotterlib/Almost_optimal_grouping.py:382: SyntaxWarning: invalid escape sequence '\s'
  """
/home/AbeHiromu/worktrees/gpu-second-study-safe-time-domain-phase-b-20260928/src/trotterlib/Almost_optimal_grouping.py:636: SyntaxWarning: invalid escape sequence '\s'
  """
/home/AbeHiromu/worktrees/gpu-second-study-safe-time-domain-phase-b-20260928/src/trotterlib/Almost_optimal_grouping.py:747: SyntaxWarning: invalid escape sequence '\s'
  """
/home/AbeHiromu/worktrees/gpu-second-study-safe-time-domain-phase-b-20260928/src/trotterlib/Almost_optimal_grouping.py:792: SyntaxWarning: invalid escape sequence '\s'
  """
/home/AbeHiromu/worktrees/gpu-second-study-safe-time-domain-phase-b-20260928/src/trotterlib/Almost_optimal_grouping.py:222: SyntaxWarning: invalid escape sequence '\s'
  """
/home/AbeHiromu/worktrees/gpu-second-study-safe-time-domain-phase-b-20260928/src/trotterlib/Almost_optimal_grouping.py:382: SyntaxWarning: invalid escape sequence '\s'
  """
/home/AbeHiromu/worktrees/gpu-second-study-safe-time-domain-phase-b-20260928/src/trotterlib/Almost_optimal_grouping.py:636: SyntaxWarning: invalid escape sequence '\s'
  """
/home/AbeHiromu/worktrees/gpu-second-study-safe-time-domain-phase-b-20260928/src/trotterlib/Almost_optimal_grouping.py:747: SyntaxWarning: invalid escape sequence '\s'
  """
/home/AbeHiromu/worktrees/gpu-second-study-safe-time-domain-phase-b-20260928/src/trotterlib/Almost_optimal_grouping.py:792: SyntaxWarning: invalid escape sequence '\s'
  """
{
  "benefit_checks": {
    "aggregate_frozen_budget_ratio_pass": true,
    "classical_information_counts_equal": true,
    "maximum_selection_regret_not_above_equal_information": false,
    "mean_selection_regret_better_than_equal_information": false,
    "new_rule_execution_coverage_4_of_4": true,
    "new_rule_extension_selection_count_minimum": true,
    "new_rule_unsafe_execution_count_zero": false,
    "per_condition_regret_increase_bound": false
  },
  "created_at": "2026-09-28T06:47:05.338529+09:00",
  "direct_cache_counts": {
    "computed": 22,
    "reused": 20
  },
  "environment": {
    "ld_library_path": "/home/AbeHiromu/venvs/trotter-common/lib/python3.12/site-packages/nvidia/nvjitlink/lib:/home/AbeHiromu/venvs/trotter-common/lib/python3.12/site-packages/nvidia/cusparse/lib:/home/AbeHiromu/venvs/trotter-common/lib/python3.12/site-packages/nvidia/cusolver/lib:/home/AbeHiromu/venvs/trotter-common/lib/python3.12/site-packages/nvidia/cublas/lib:/home/AbeHiromu/venvs/trotter-common/lib/python3.12/site-packages/nvidia/cuda_runtime/lib",
    "python_dont_write_bytecode": "1",
    "python_no_user_site": "1",
    "python_version": "3.12.3 (main, Aug 31 2026, 10:18:26) [GCC 13.3.0]",
    "pythonpath": "src:review_response:.:/home/AbeHiromu/projects/Evaluation-of-gate-numbers-for-ground-state-energy-calculations-using-higher-order-product-formulae/venv/lib/python3.12/site-packages",
    "realpath": "/usr/bin/python3.12",
    "sys_executable": "/home/AbeHiromu/venvs/trotter-common/bin/python"
  },
  "numerical_validation": {
    "checks": {
      "anchor_ground_overlap": true,
      "branch_disagreement": true,
      "eigenpair_residual": true,
      "phase_gap": true,
      "previous_overlap": true,
      "tracked_ground_overlap": true,
      "unitarity_residual": true
    },
    "metrics": {
      "branch_disagreement_count": 0,
      "maximum_eigenpair_residual_2_norm": 9.813001224800841e-14,
      "maximum_unitarity_residual_frobenius": 1.3700411950543468e-11,
      "minimum_anchor_ground_overlap_probability": 0.9999999683019025,
      "minimum_phase_gap_radian": 4.954692104540167e-05,
      "minimum_tracked_ground_overlap_probability": 0.9222306179948309,
      "minimum_tracked_previous_overlap_probability": 0.9220325861410396
    },
    "passed": true
  },
  "phase_a": {
    "artifact_relative": "artifacts/server_second_study_safe_time_domain_phase_a_20260927_e86e694",
    "artifact_root": "/home/AbeHiromu/worktrees/gpu-second-study-safe-time-domain-phase-a-20260927/artifacts/server_second_study_safe_time_domain_phase_a_20260927_e86e694",
    "commit": "efea5fe0718c2c2623935949460498da066bdec3",
    "phase_b_coordinate_count": 42,
    "prediction_sha256": "3406d2f69237d95b14be298059f777df3fbd5043446add2c31559bf902a34b83",
    "remote_branches_containing_commit": [
      "origin/gpu-second-study-safe-time-domain-phase-a-20260927",
      "origin/second-study-safe-time-domain-implementation-20260927"
    ]
  },
  "phase_a_runtime": {
    "all_files_byte_identical": true,
    "file_count": 56,
    "inventory_sha256": "5dbe617f37dcfd4274fa5f89eddf6167ffe62a3816200bec6eb66f9e49e73d91",
    "runtime_root": "/home/AbeHiromu/worktrees/gpu-second-study-safe-time-domain-phase-a-20260927/artifacts/server_second_study_safe_time_domain_phase_a_20260927_e86e694/.runtime",
    "total_bytes": 113469289
  },
  "phase_b_coordinate_count": 42,
  "phase_b_output_identity": {
    "preexisting_direct_cache_files": 20,
    "resumed": true,
    "run_identity_sha256": "7c4ee4c9156301d1301368c11cb86e3816700f08fadf7e3a5537cd1ee5aeb9c1"
  },
  "post_evaluation_retuning_performed": false,
  "prediction_sha256": "3406d2f69237d95b14be298059f777df3fbd5043446add2c31559bf902a34b83",
  "preflight": {
    "decision_sha256": "11dc5630d6bf21ec14f024e07ee272fc8c43c68ce1ce0fbcd2b0ab0cea393032",
    "manifest_sha256": "107f362e63eb7fa2e7b03e37cfa357026eb07c18b032a3eafc4d1a0faf4b4363",
    "python_environment_identity_sha256": "2e5cc1e8f476393c1e6dff4ed481bf723a83545d4a50f432cfb229215e71bf2d",
    "result_commit": "2b37191594d7f79565314a5dad0d889f78aec504",
    "root": "/home/AbeHiromu/worktrees/gpu-second-study-safe-time-domain-phase-b-20260928/artifacts/server_second_study_safe_time_domain_preflight_v1_4_20260927_9e0afa0",
    "status": "preflight_pass_phase_a_not_authorized"
  },
  "protocol_sha256": "a6290b107ebbf93f7c0ee3bc383208862c51e37603a670625091e15472d4584b",
  "schema": "second_study_safe_time_domain_decision_v1",
  "status": "complete_no_benefit"
}
