	Command being timed: "/home/AbeHiromu/venvs/trotter-common/bin/python -u review_response/run_second_study_safe_time_domain_phase_a.py --project-root /home/AbeHiromu/worktrees/gpu-second-study-safe-time-domain-phase-a-20260927 --protocol review_response/second_study_safe_time_domain_protocol.json --preflight-root artifacts/server_second_study_safe_time_domain_preflight_v1_4_20260927_9e0afa0 --processes 1 --output artifacts/server_second_study_safe_time_domain_phase_a_20260927_e86e694"
	User time (seconds): 131.12
	System time (seconds): 1.28
	Percent of CPU this job got: 99%
	Elapsed (wall clock) time (h:mm:ss or m:ss): 2:12.42
	Average shared text size (kbytes): 0
	Average unshared data size (kbytes): 0
	Average stack size (kbytes): 0
	Average total size (kbytes): 0
	Maximum resident set size (kbytes): 784148
	Average resident set size (kbytes): 0
	Major (requiring I/O) page faults: 0
	Minor (reclaiming a frame) page faults: 635243
	Voluntary context switches: 1735
	Involuntary context switches: 457
	Swaps: 0
	File system inputs: 0
	File system outputs: 222776
	Socket messages sent: 0
	Socket messages received: 0
	Signals delivered: 0
	Page size (bytes): 4096
	Exit status: 0
